<html>
<body>
<pre>
<h1>礦ision Build Log</h1>
<h2>Tool Versions:</h2>
IDE-Version: μVision V5.33.0.0
Copyright (C) 2020 ARM Ltd and ARM Germany GmbH. All rights reserved.
License Information: cq 32705, cq, LIC=LSNXV-PKL07-IIY5V-P0DAI-3ST4X-IBYU5
 
Tool Versions:
Toolchain:       MDK-ARM Plus  Version: 5.33.0.0
Toolchain Path:  D:\keil_v5\ARM\ARMCC\Bin
C Compiler:      Armcc.exe V5.06 update 7 (build 960)
Assembler:       Armasm.exe V5.06 update 7 (build 960)
Linker/Locator:  ArmLink.exe V5.06 update 7 (build 960)
Library Manager: ArmAr.exe V5.06 update 7 (build 960)
Hex Converter:   FromElf.exe V5.06 update 7 (build 960)
CPU DLL:         SARMCM3.DLL V5.33.0.0
Dialog DLL:      DCM.DLL V1.17.3.0
Target DLL:      STLink\ST-LINKIII-KEIL_SWO.dll V3.0.8.0
Dialog DLL:      TCM.DLL V1.48.0.0
 
<h2>Project:</h2>
D:\profession\graduation_design\参考资料\ToOneNetByMqtt（SHT30已测试）\USER\DHT11_ToOneNetByMqtt.uvprojx
Project File Date:  04/01/2022

<h2>Output:</h2>
*** Using Compiler 'V5.06 update 7 (build 960)', folder: 'D:\keil_v5\ARM\ARMCC\Bin'
Rebuild target '工程'
compiling timer2.c...
compiling delay.c...
compiling timer3.c...
compiling usart2.c...
compiling usart1.c...
compiling main.c...
..\MYLIB\inc\gps_config.h(85): warning:  #1295-D: Deprecated declaration GPS_data_process - give arg types
  void GPS_data_process();
main.c: 1 warning, 0 errors
compiling stm32f10x_it.c...
..\MYLIB\inc\gps_config.h(85): warning:  #1295-D: Deprecated declaration GPS_data_process - give arg types
  void GPS_data_process();
..\HARDWARE\scr\stm32f10x_it.c(179): warning:  #167-D: argument of type "uint8_t *" is incompatible with parameter of type "char *restrict"
  		sprintf(buff1, "%.2f", 22.2);
..\HARDWARE\scr\stm32f10x_it.c(180): warning:  #167-D: argument of type "uint8_t *" is incompatible with parameter of type "char *restrict"
  		sprintf(buff2, "%.2f", 88.8);
..\HARDWARE\scr\stm32f10x_it.c: 3 warnings, 0 errors
assembling startup_stm32f10x_hd.s...
compiling core_cm3.c...
compiling timer4.c...
compiling misc.c...
compiling system_stm32f10x.c...
compiling stm32f10x_rcc.c...
compiling stm32f10x_usart.c...
compiling stm32f10x_tim.c...
compiling stm32f10x_gpio.c...
compiling stm32f10x_dma.c...
compiling stm32f10x_adc.c...
compiling stm32f10x_i2c.c...
compiling adc.c...
compiling beep.c...
compiling sys.c...
compiling control.c...
compiling led.c...
compiling light.c...
..\MYLIB\src\light.c(32): warning:  #167-D: argument of type "uint8_t *" is incompatible with parameter of type "char *restrict"
  	sprintf(buff2, "%.2f", voltage);
..\MYLIB\src\light.c(33): warning:  #120-D: return value type does not match the function type
  	return buff2;
..\MYLIB\src\light.c: 2 warnings, 0 errors
compiling MQ_7.c...
..\MYLIB\src\MQ_7.c(17): warning:  #167-D: argument of type "uint8_t *" is incompatible with parameter of type "char *restrict"
  	sprintf(buff1, "%.2f", voltage);
..\MYLIB\src\MQ_7.c(18): warning:  #120-D: return value type does not match the function type
  	return buff1;
..\MYLIB\src\MQ_7.c(19): warning:  #111-D: statement is unreachable
  	if(voltage>2.5)
..\MYLIB\src\MQ_7.c(21): warning:  #223-D: function "LED0_On" declared implicitly
  		LED0_On();
..\MYLIB\src\MQ_7.c: 4 warnings, 0 errors
compiling mqtt.c...
compiling SHT30.c...
compiling myiic.c...
compiling wifi.c...
compiling context.c...
compiling generate.c...
compiling generator.c...
compiling info.c...
compiling dht11.c...
compiling onenet.c...
..\MYLIB\src\onenet.c(206): warning:  #1-D: last line of file ends without a newline
  	
..\MYLIB\src\onenet.c: 1 warning, 0 errors
compiling gps_config.c...
..\MYLIB\inc\gps_config.h(85): warning:  #1295-D: Deprecated declaration GPS_data_process - give arg types
  void GPS_data_process();
..\MYLIB\src\gps_config.c(342): warning:  #177-D: function "GPS_USART_Config"  was declared but never referenced
  static void GPS_USART_Config(void)
..\MYLIB\src\gps_config.c(406): warning:  #177-D: function "GPS_DMA_Config"  was declared but never referenced
  static void GPS_DMA_Config(void)
..\MYLIB\src\gps_config.c: 3 warnings, 0 errors
compiling nema_decode_test.c...
..\MYLIB\inc\gps_config.h(85): warning:  #1295-D: Deprecated declaration GPS_data_process - give arg types
  void GPS_data_process();
..\MYLIB\src\nema_decode_test.c: 1 warning, 0 errors
compiling gmath.c...
..\nmea\gmath.c(166): warning:  #550-D: variable "tan_sigma"  was set but never used
          double tmp1, tmp2, tan_sigma, sin_alpha, cos_alpha, C, lambda_prev; 
..\nmea\gmath.c(264): warning:  #550-D: variable "tan_sigma1"  was set but never used
      double tan_sigma1, sigma1, sin_alpha, cos_alpha, sqr_cos_alpha, sqr_u, A, B;
..\nmea\gmath.c(264): warning:  #550-D: variable "cos_alpha"  was set but never used
      double tan_sigma1, sigma1, sin_alpha, cos_alpha, sqr_cos_alpha, sqr_u, A, B;
..\nmea\gmath.c: 3 warnings, 0 errors
compiling sentence.c...
compiling time.c...
compiling parser.c...
compiling parse.c...
compiling tok.c...
linking...
Program Size: Code=20618 RO-data=870 RW-data=216 ZI-data=11920  
FromELF: creating hex file...
"..\OBJ\工程文件.axf" - 0 Error(s), 18 Warning(s).

<h2>Software Packages used:</h2>

Package Vendor: Keil
                http://www.keil.com/pack/Keil.STM32F1xx_DFP.2.4.0.pack
                Keil.STM32F1xx_DFP.2.4.0
                STMicroelectronics STM32F1 Series Device Support, Drivers and Examples

<h2>Collection of Component include folders:</h2>
  D:\keil_v5\ARM\PACK\Keil\STM32F1xx_DFP\2.4.0\Device\Include

<h2>Collection of Component Files used:</h2>
Build Time Elapsed:  00:00:05
</pre>
</body>
</html>
