Component: ARM Compiler 5.06 update 7 (build 960) Tool: armlink [4d3601]

==============================================================================

Section Cross References

    main.o(i.main) refers to delay.o(i.Delay_Init) for Delay_Init
    main.o(i.main) refers to usart1.o(i.Usart1_Init) for Usart1_Init
    main.o(i.main) refers to usart2.o(i.Usart2_Init) for Usart2_Init
    main.o(i.main) refers to timer4.o(i.TIM4_Init) for TIM4_Init
    main.o(i.main) refers to gps_config.o(i.GPS_Config) for GPS_Config
    main.o(i.main) refers to wifi.o(i.WiFi_ResetIO_Init) for WiFi_ResetIO_Init
    main.o(i.main) refers to mqtt.o(i.IoT_Parameter_Init) for IoT_Parameter_Init
    main.o(i.main) refers to onenet.o(i.Onenet_Init) for Onenet_Init
    stm32f10x_it.o(i.DMA1_Channel3_IRQHandler) refers to gps_config.o(i.GPS_ProcessDMAIRQ) for GPS_ProcessDMAIRQ
    stm32f10x_it.o(i.TIM2_IRQHandler) refers to _printf_percent.o(.ARM.Collect$$_printf_percent$$00000000) for _printf_percent
    stm32f10x_it.o(i.TIM2_IRQHandler) refers to _printf_f.o(.ARM.Collect$$_printf_percent$$00000003) for _printf_f
    stm32f10x_it.o(i.TIM2_IRQHandler) refers to printf1.o(x$fpl$printf1) for _printf_fp_dec
    stm32f10x_it.o(i.TIM2_IRQHandler) refers to _printf_s.o(.ARM.Collect$$_printf_percent$$00000014) for _printf_s
    stm32f10x_it.o(i.TIM2_IRQHandler) refers to _printf_str.o(.text) for _printf_str
    stm32f10x_it.o(i.TIM2_IRQHandler) refers to _printf_c.o(.ARM.Collect$$_printf_percent$$00000013) for _printf_c
    stm32f10x_it.o(i.TIM2_IRQHandler) refers to stm32f10x_tim.o(i.TIM_GetITStatus) for TIM_GetITStatus
    stm32f10x_it.o(i.TIM2_IRQHandler) refers to __2sprintf.o(.text) for __2sprintf
    stm32f10x_it.o(i.TIM2_IRQHandler) refers to gps_config.o(i.GET_GPS) for GET_GPS
    stm32f10x_it.o(i.TIM2_IRQHandler) refers to rt_memclr_w.o(.text) for __aeabi_memclr4
    stm32f10x_it.o(i.TIM2_IRQHandler) refers to strlen.o(.text) for strlen
    stm32f10x_it.o(i.TIM2_IRQHandler) refers to usart1.o(i.u1_printf) for u1_printf
    stm32f10x_it.o(i.TIM2_IRQHandler) refers to mqtt.o(i.MQTT_PublishQs0) for MQTT_PublishQs0
    stm32f10x_it.o(i.TIM2_IRQHandler) refers to stm32f10x_tim.o(i.TIM_ClearITPendingBit) for TIM_ClearITPendingBit
    stm32f10x_it.o(i.TIM2_IRQHandler) refers to mq_7.o(.bss) for buff1
    stm32f10x_it.o(i.TIM2_IRQHandler) refers to light.o(.bss) for buff2
    stm32f10x_it.o(i.TIM2_IRQHandler) refers to gps_config.o(.data) for latitude
    stm32f10x_it.o(i.TIM3_IRQHandler) refers to stm32f10x_tim.o(i.TIM_GetITStatus) for TIM_GetITStatus
    stm32f10x_it.o(i.TIM3_IRQHandler) refers to mqtt.o(i.MQTT_PingREQ) for MQTT_PingREQ
    stm32f10x_it.o(i.TIM3_IRQHandler) refers to timer3.o(i.TIM3_ENABLE_2S) for TIM3_ENABLE_2S
    stm32f10x_it.o(i.TIM3_IRQHandler) refers to stm32f10x_tim.o(i.TIM_Cmd) for TIM_Cmd
    stm32f10x_it.o(i.TIM3_IRQHandler) refers to stm32f10x_tim.o(i.TIM_ClearITPendingBit) for TIM_ClearITPendingBit
    stm32f10x_it.o(i.TIM3_IRQHandler) refers to mqtt.o(.data) for pingFlag
    stm32f10x_it.o(i.TIM4_IRQHandler) refers to stm32f10x_tim.o(i.TIM_GetITStatus) for TIM_GetITStatus
    stm32f10x_it.o(i.TIM4_IRQHandler) refers to rt_memcpy_v6.o(.text) for __aeabi_memcpy
    stm32f10x_it.o(i.TIM4_IRQHandler) refers to stm32f10x_tim.o(i.TIM_SetCounter) for TIM_SetCounter
    stm32f10x_it.o(i.TIM4_IRQHandler) refers to stm32f10x_tim.o(i.TIM_Cmd) for TIM_Cmd
    stm32f10x_it.o(i.TIM4_IRQHandler) refers to stm32f10x_tim.o(i.TIM_ClearITPendingBit) for TIM_ClearITPendingBit
    stm32f10x_it.o(i.TIM4_IRQHandler) refers to usart2.o(.data) for Usart2_RxCounter
    stm32f10x_it.o(i.TIM4_IRQHandler) refers to usart2.o(.bss) for Usart2_RxBuff
    stm32f10x_it.o(i.TIM4_IRQHandler) refers to mqtt.o(.data) for MQTT_RxDataInPtr
    stm32f10x_it.o(i.TIM4_IRQHandler) refers to mqtt.o(.bss) for MQTT_RxDataBuf
    stm32f10x_it.o(i.USART2_IRQHandler) refers to stm32f10x_usart.o(i.USART_GetITStatus) for USART_GetITStatus
    stm32f10x_it.o(i.USART2_IRQHandler) refers to stm32f10x_tim.o(i.TIM_Cmd) for TIM_Cmd
    stm32f10x_it.o(i.USART2_IRQHandler) refers to stm32f10x_tim.o(i.TIM_SetCounter) for TIM_SetCounter
    stm32f10x_it.o(i.USART2_IRQHandler) refers to mqtt.o(.data) for connectFlag
    stm32f10x_it.o(i.USART2_IRQHandler) refers to usart2.o(.bss) for Usart2_RxBuff
    stm32f10x_it.o(i.USART2_IRQHandler) refers to usart2.o(.data) for Usart2_RxCounter
    stm32f10x_it.o(i.USART3_IRQHandler) refers to stm32f10x_usart.o(i.USART_GetITStatus) for USART_GetITStatus
    stm32f10x_it.o(i.USART3_IRQHandler) refers to stm32f10x_usart.o(i.USART_ReceiveData) for USART_ReceiveData
    stm32f10x_it.o(i.USART3_IRQHandler) refers to gps_config.o(.data) for i
    stm32f10x_it.o(i.USART3_IRQHandler) refers to gps_config.o(.bss) for temp_gpsdata
    delay.o(i.DelayMs) refers to delay.o(.data) for fac_ms
    delay.o(i.DelayUs) refers to delay.o(.data) for fac_us
[...]
    i.TIM3_ENABLE_2S                         0x08003488   Section        0  timer3.o(i.TIM3_ENABLE_2S)
    i.TIM3_ENABLE_30S                        0x08003500   Section        0  timer3.o(i.TIM3_ENABLE_30S)
    i.TIM3_IRQHandler                        0x08003578   Section        0  stm32f10x_it.o(i.TIM3_IRQHandler)
    i.TIM4_IRQHandler                        0x080035e4   Section        0  stm32f10x_it.o(i.TIM4_IRQHandler)
    i.TIM4_Init                              0x0800367c   Section        0  timer4.o(i.TIM4_Init)
    i.TIM_ClearITPendingBit                  0x080036ec   Section        0  stm32f10x_tim.o(i.TIM_ClearITPendingBit)
    i.TIM_Cmd                                0x080036f2   Section        0  stm32f10x_tim.o(i.TIM_Cmd)
    i.TIM_DeInit                             0x0800370c   Section        0  stm32f10x_tim.o(i.TIM_DeInit)
    i.TIM_GetITStatus                        0x080038f4   Section        0  stm32f10x_tim.o(i.TIM_GetITStatus)
    i.TIM_ITConfig                           0x08003916   Section        0  stm32f10x_tim.o(i.TIM_ITConfig)
    i.TIM_SetCounter                         0x08003928   Section        0  stm32f10x_tim.o(i.TIM_SetCounter)
    i.TIM_TimeBaseInit                       0x0800392c   Section        0  stm32f10x_tim.o(i.TIM_TimeBaseInit)
    i.TxDataBuf_Deal                         0x080039d0   Section        0  mqtt.o(i.TxDataBuf_Deal)
    i.USART2_IRQHandler                      0x08003a34   Section        0  stm32f10x_it.o(i.USART2_IRQHandler)
    i.USART3_IRQHandler                      0x08003ab0   Section        0  stm32f10x_it.o(i.USART3_IRQHandler)
    i.USART_ClearFlag                        0x08003b1c   Section        0  stm32f10x_usart.o(i.USART_ClearFlag)
    i.USART_Cmd                              0x08003b2e   Section        0  stm32f10x_usart.o(i.USART_Cmd)
    i.USART_DeInit                           0x08003b48   Section        0  stm32f10x_usart.o(i.USART_DeInit)
    i.USART_GetITStatus                      0x08003be4   Section        0  stm32f10x_usart.o(i.USART_GetITStatus)
    i.USART_ITConfig                         0x08003c38   Section        0  stm32f10x_usart.o(i.USART_ITConfig)
    i.USART_Init                             0x08003c84   Section        0  stm32f10x_usart.o(i.USART_Init)
    i.USART_ReceiveData                      0x08003d5c   Section        0  stm32f10x_usart.o(i.USART_ReceiveData)
    i.UsageFault_Handler                     0x08003d66   Section        0  stm32f10x_it.o(i.UsageFault_Handler)
    i.Usart1_Init                            0x08003d68   Section        0  usart1.o(i.Usart1_Init)
    i.Usart2_Init                            0x08003de8   Section        0  usart2.o(i.Usart2_Init)
    i.Usart3_Init                            0x08003ea0   Section        0  gps_config.o(i.Usart3_Init)
    i.WiFi_Connect_IoTServer                 0x08003f54   Section        0  wifi.o(i.WiFi_Connect_IoTServer)
    i.WiFi_Connect_Server                    0x080042d8   Section        0  wifi.o(i.WiFi_Connect_Server)
    i.WiFi_JoinAP                            0x08004430   Section        0  wifi.o(i.WiFi_JoinAP)
    i.WiFi_Reset                             0x080044d4   Section        0  wifi.o(i.WiFi_Reset)
    i.WiFi_ResetIO_Init                      0x08004560   Section        0  wifi.o(i.WiFi_ResetIO_Init)
    i.WiFi_SendCmd                           0x08004594   Section        0  wifi.o(i.WiFi_SendCmd)
    i.__ARM_fpclassify                       0x08004608   Section        0  fpclassify.o(i.__ARM_fpclassify)
    i._is_digit                              0x08004630   Section        0  __printf_wp.o(i._is_digit)
    i._sys_exit                              0x0800463e   Section        0  usart1.o(i._sys_exit)
    i.main                                   0x08004642   Section        0  main.o(i.main)
    i.num_pow                                0x08004678   Section        0  gps_config.o(i.num_pow)
    i.u1_printf                              0x08004688   Section        0  usart1.o(i.u1_printf)
    i.u2_TxData                              0x080046e4   Section        0  usart2.o(i.u2_TxData)
    i.u2_printf                              0x08004724   Section        0  usart2.o(i.u2_printf)
    locale$$code                             0x08004780   Section       44  lc_ctype_c.o(locale$$code)
    locale$$code                             0x080047ac   Section       44  lc_numeric_c.o(locale$$code)
    x$fpl$d2f                                0x080047d8   Section       98  d2f.o(x$fpl$d2f)
    x$fpl$dadd                               0x0800483c   Section      336  daddsub_clz.o(x$fpl$dadd)
    _dadd1                                   0x0800484d   Thumb Code     0  daddsub_clz.o(x$fpl$dadd)
    x$fpl$ddiv                               0x0800498c   Section      688  ddiv.o(x$fpl$ddiv)
    ddiv_entry                               0x08004993   Thumb Code     0  ddiv.o(x$fpl$ddiv)
    x$fpl$dflt                               0x08004c3c   Section       46  dflt_clz.o(x$fpl$dflt)
    x$fpl$dnaninf                            0x08004c6a   Section      156  dnaninf.o(x$fpl$dnaninf)
    x$fpl$dretinf                            0x08004d06   Section       12  dretinf.o(x$fpl$dretinf)
    x$fpl$dsub                               0x08004d14   Section      468  daddsub_clz.o(x$fpl$dsub)
    _dsub1                                   0x08004d25   Thumb Code     0  daddsub_clz.o(x$fpl$dsub)
    x$fpl$f2d                                0x08004ee8   Section       86  f2d.o(x$fpl$f2d)
    x$fpl$fadd                               0x08004f40   Section      196  faddsub_clz.o(x$fpl$fadd)
    _fadd1                                   0x08004f4f   Thumb Code     0  faddsub_clz.o(x$fpl$fadd)
    x$fpl$fflt                               0x08005004   Section       48  fflt_clz.o(x$fpl$fflt)
    x$fpl$fnaninf                            0x08005034   Section      140  fnaninf.o(x$fpl$fnaninf)
    x$fpl$fretinf                            0x080050c0   Section       10  fretinf.o(x$fpl$fretinf)
    x$fpl$fsub                               0x080050cc   Section      234  faddsub_clz.o(x$fpl$fsub)
    _fsub1                                   0x080050db   Thumb Code     0  faddsub_clz.o(x$fpl$fsub)
    x$fpl$printf1                            0x080051b6   Section        4  printf1.o(x$fpl$printf1)
    .constdata                               0x080051ba   Section       40  _printf_hex_int_ll_ptr.o(.constdata)
    x$fpl$usenofp                            0x080051ba   Section        0  usenofp.o(x$fpl$usenofp)
    uc_hextab                                0x080051ba   Data          20  _printf_hex_int_ll_ptr.o(.constdata)
    lc_hextab                                0x080051ce   Data          20  _printf_hex_int_ll_ptr.o(.constdata)
    .constdata                               0x080051e2   Section       17  __printf_flags_ss_wp.o(.constdata)
    maptable                                 0x080051e2   Data          17  __printf_flags_ss_wp.o(.constdata)
    .constdata                               0x080051f4   Section        8  _printf_wctomb.o(.constdata)
    initial_mbstate                          0x080051f4   Data           8  _printf_wctomb.o(.constdata)
    .constdata                               0x080051fc   Section      148  bigflt0.o(.constdata)
    tenpwrs_x                                0x080051fc   Data          60  bigflt0.o(.constdata)
    tenpwrs_i                                0x08005238   Data          64  bigflt0.o(.constdata)
    .conststring                             0x08005290   Section       19  onenet.o(.conststring)
    locale$$data                             0x080052c4   Section      272  lc_ctype_c.o(locale$$data)
    __lcctype_c_name                         0x080052c8   Data           2  lc_ctype_c.o(locale$$data)
    __lcctype_c_start                        0x080052d0   Data           0  lc_ctype_c.o(locale$$data)
    locale$$data                             0x080053d4   Section       28  lc_numeric_c.o(locale$$data)
    __lcctype_c_end                          0x080053d4   Data           0  lc_ctype_c.o(locale$$data)
    __lcnum_c_name                           0x080053d8   Data           2  lc_numeric_c.o(locale$$data)
    __lcnum_c_start                          0x080053e0   Data           0  lc_numeric_c.o(locale$$data)
    __lcnum_c_point                          0x080053ec   Data           0  lc_numeric_c.o(locale$$data)
    __lcnum_c_thousands                      0x080053ee   Data           0  lc_numeric_c.o(locale$$data)
    __lcnum_c_grouping                       0x080053ef   Data           0  lc_numeric_c.o(locale$$data)
    __lcnum_c_end                            0x080053f0   Data           0  lc_numeric_c.o(locale$$data)
    .data                                    0x20000000   Section        4  delay.o(.data)
    fac_us                                   0x20000000   Data           1  delay.o(.data)
    fac_ms                                   0x20000002   Data           2  delay.o(.data)
    .data                                    0x20000004   Section        8  usart2.o(.data)
    .data                                    0x2000000c   Section       20  stm32f10x_rcc.o(.data)
    APBAHBPrescTable                         0x2000000c   Data          16  stm32f10x_rcc.o(.data)
    ADCPrescTable                            0x2000001c   Data           4  stm32f10x_rcc.o(.data)
    .data                                    0x20000020   Section       68  mqtt.o(.data)
    .data                                    0x20000064   Section        1  wifi.o(.data)
    .data                                    0x20000068   Section       12  onenet.o(.data)
    .data                                    0x20000078   Section       94  gps_config.o(.data)
    .bss                                     0x200000d8   Section      256  usart1.o(.bss)
    .bss                                     0x200001d8   Section     2048  usart2.o(.bss)
    .bss                                     0x200009d8   Section      200  light.o(.bss)
    .bss                                     0x20000aa0   Section      200  mq_7.o(.bss)
    .bss                                     0x20000b68   Section     5312  mqtt.o(.bss)
    .bss                                     0x20002028   Section     2272  gps_config.o(.bss)
    .bss                                     0x20002908   Section       96  libspace.o(.bss)
    HEAP                                     0x20002968   Section      512  startup_stm32f10x_hd.o(HEAP)
    Heap_Mem                                 0x20002968   Data         512  startup_stm32f10x_hd.o(HEAP)
    STACK                                    0x20002b68   Section     1024  startup_stm32f10x_hd.o(STACK)
    Stack_Mem                                0x20002b68   Data        1024  startup_stm32f10x_hd.o(STACK)
    __initial_sp                             0x20002f68   Data           0  startup_stm32f10x_hd.o(STACK)

    Global Symbols

    Symbol Name                              Value     Ov Type        Size  Object(Section)

    BuildAttributes$$THM_ISAv4$P$D$K$B$S$PE$A:L22UL41UL21$X:L11$S22US41US21$IEEE1$IW$USESV6$~STKCKD$USESV7$~SHL$OTIME$ROPI$IEEEX$EBA8$UX$STANDARDLIB$REQ8$PRES8$EABIv2 0x00000000   Number         0  anon$$obj.o ABSOLUTE
    __ARM_use_no_argv                        0x00000000   Number         0  main.o ABSOLUTE
    _printf_flags                            0x00000000   Number         0  printf_stubs.o ABSOLUTE
    _printf_return_value                     0x00000000   Number         0  printf_stubs.o ABSOLUTE
    _printf_sizespec                         0x00000000   Number         0  printf_stubs.o ABSOLUTE
    _printf_widthprec                        0x00000000   Number         0  printf_stubs.o ABSOLUTE
    __ARM_exceptions_init                     - Undefined Weak Reference
    __alloca_initialize                       - Undefined Weak Reference
    __arm_fini_                               - Undefined Weak Reference
    __arm_preinit_                            - Undefined Weak Reference
    __cpp_initialize__aeabi_                  - Undefined Weak Reference
    __cxa_finalize                            - Undefined Weak Reference
    __sigvec_lookup                           - Undefined Weak Reference
    __user_heap_extent                        - Undefined Weak Reference
    _atexit_init                              - Undefined Weak Reference
    _call_atexit_fns                          - Undefined Weak Reference
    _clock_init                               - Undefined Weak Reference
    _fp_trap_init                             - Undefined Weak Reference
    _fp_trap_shutdown                         - Undefined Weak Reference
    _get_lc_collate                           - Undefined Weak Reference
    _get_lc_monetary                          - Undefined Weak Reference
    _get_lc_time                              - Undefined Weak Reference
    _getenv_init                              - Undefined Weak Reference
    _handle_redirection                       - Undefined Weak Reference
    _initio                                   - Undefined Weak Reference
    _mutex_acquire                            - Undefined Weak Reference
    _mutex_free                               - Undefined Weak Reference
    _mutex_release                            - Undefined Weak Reference
    _printf_fp_hex                            - Undefined Weak Reference
    _printf_mbtowc                            - Undefined Weak Reference
    _printf_wc                                - Undefined Weak Reference
    _signal_finish                            - Undefined Weak Reference
    _signal_init                              - Undefined Weak Reference
    _terminateio                              - Undefined Weak Reference
    __Vectors_Size                           0x00000130   Number         0  startup_stm32f10x_hd.o ABSOLUTE
    __Vectors                                0x08000000   Data           4  startup_stm32f10x_hd.o(RESET)
    __Vectors_End                            0x08000130   Data           0  startup_stm32f10x_hd.o(RESET)
    __main                                   0x08000131   Thumb Code     8  __main.o(!!!main)
    __scatterload                            0x08000139   Thumb Code     0  __scatter.o(!!!scatter)
    __scatterload_rt2                        0x08000139   Thumb Code    44  __scatter.o(!!!scatter)
    __scatterload_rt2_thumb_only             0x08000139   Thumb Code     0  __scatter.o(!!!scatter)
    __scatterload_null                       0x08000147   Thumb Code     0  __scatter.o(!!!scatter)
    __scatterload_copy                       0x0800016d   Thumb Code    26  __scatter_copy.o(!!handler_copy)
    __scatterload_zeroinit                   0x08000189   Thumb Code    28  __scatter_zi.o(!!handler_zi)
    _printf_n                                0x080001a5   Thumb Code     0  _printf_n.o(.ARM.Collect$$_printf_percent$$00000001)
    _printf_percent                          0x080001a5   Thumb Code     0  _printf_percent.o(.ARM.Collect$$_printf_percent$$00000000)
    _printf_p                                0x080001ab   Thumb Code     0  _printf_p.o(.ARM.Collect$$_printf_percent$$00000002)
    _printf_f                                0x080001b1   Thumb Code     0  _printf_f.o(.ARM.Collect$$_printf_percent$$00000003)
    _printf_e                                0x080001b7   Thumb Code     0  _printf_e.o(.ARM.Collect$$_printf_percent$$00000004)
    _printf_g                                0x080001bd   Thumb Code     0  _printf_g.o(.ARM.Collect$$_printf_percent$$00000005)
    _printf_a                                0x080001c3   Thumb Code     0  _printf_a.o(.ARM.Collect$$_printf_percent$$00000006)
    _printf_ll                               0x080001c9   Thumb Code     0  _printf_ll.o(.ARM.Collect$$_printf_percent$$00000007)
    _printf_i                                0x080001d3   Thumb Code     0  _printf_i.o(.ARM.Collect$$_printf_percent$$00000008)
    _printf_d                                0x080001d9   Thumb Code     0  _printf_d.o(.ARM.Collect$$_printf_percent$$00000009)
    _printf_u                                0x080001df   Thumb Code     0  _printf_u.o(.ARM.Collect$$_printf_percent$$0000000A)
    _printf_o                                0x080001e5   Thumb Code     0  _printf_o.o(.ARM.Collect$$_printf_percent$$0000000B)
    _printf_x                                0x080001eb   Thumb Code     0  _printf_x.o(.ARM.Collect$$_printf_percent$$0000000C)
    _printf_lli                              0x080001f1   Thumb Code     0  _printf_lli.o(.ARM.Collect$$_printf_percent$$0000000D)
    _printf_lld                              0x080001f7   Thumb Code     0  _printf_lld.o(.ARM.Collect$$_printf_percent$$0000000E)
    _printf_llu                              0x080001fd   Thumb Code     0  _printf_llu.o(.ARM.Collect$$_printf_percent$$0000000F)
    _printf_llo                              0x08000203   Thumb Code     0  _printf_llo.o(.ARM.Collect$$_printf_percent$$00000010)
    _printf_llx                              0x08000209   Thumb Code     0  _printf_llx.o(.ARM.Collect$$_printf_percent$$00000011)
    _printf_l                                0x0800020f   Thumb Code     0  _printf_l.o(.ARM.Collect$$_printf_percent$$00000012)
    _printf_c                                0x08000219   Thumb Code     0  _printf_c.o(.ARM.Collect$$_printf_percent$$00000013)
    _printf_s                                0x0800021f   Thumb Code     0  _printf_s.o(.ARM.Collect$$_printf_percent$$00000014)
    _printf_lc                               0x08000225   Thumb Code     0  _printf_lc.o(.ARM.Collect$$_printf_percent$$00000015)
    _printf_ls                               0x0800022b   Thumb Code     0  _printf_ls.o(.ARM.Collect$$_printf_percent$$00000016)
    _printf_percent_end                      0x08000231   Thumb Code     0  _printf_percent_end.o(.ARM.Collect$$_printf_percent$$00000017)
    __rt_lib_init                            0x08000235   Thumb Code     0  libinit.o(.ARM.Collect$$libinit$$00000000)
    __rt_lib_init_fp_1                       0x08000237   Thumb Code     0  libinit2.o(.ARM.Collect$$libinit$$00000002)
    __rt_lib_init_heap_1                     0x08000237   Thumb Code     0  libinit2.o(.ARM.Collect$$libinit$$0000000A)
    __rt_lib_init_lc_common                  0x08000237   Thumb Code     0  libinit2.o(.ARM.Collect$$libinit$$0000000F)
    __rt_lib_init_preinit_1                  0x08000237   Thumb Code     0  libinit2.o(.ARM.Collect$$libinit$$00000004)
    __rt_lib_init_rand_1                     0x08000237   Thumb Code     0  libinit2.o(.ARM.Collect$$libinit$$0000000E)
    __rt_lib_init_user_alloc_1               0x08000237   Thumb Code     0  libinit2.o(.ARM.Collect$$libinit$$0000000C)
    __rt_lib_init_lc_collate_1               0x0800023d   Thumb Code     0  libinit2.o(.ARM.Collect$$libinit$$00000011)
    __rt_lib_init_lc_ctype_2                 0x0800023d   Thumb Code     0  libinit2.o(.ARM.Collect$$libinit$$00000012)
    __rt_lib_init_lc_ctype_1                 0x08000249   Thumb Code     0  libinit2.o(.ARM.Collect$$libinit$$00000013)
    __rt_lib_init_lc_monetary_1              0x08000249   Thumb Code     0  libinit2.o(.ARM.Collect$$libinit$$00000015)
    __rt_lib_init_lc_numeric_2               0x08000249   Thumb Code     0  libinit2.o(.ARM.Collect$$libinit$$00000016)
    __rt_lib_init_alloca_1                   0x08000253   Thumb Code     0  libinit2.o(.ARM.Collect$$libinit$$0000002E)
    __rt_lib_init_argv_1                     0x08000253   Thumb Code     0  libinit2.o(.ARM.Collect$$libinit$$0000002C)
    __rt_lib_init_atexit_1                   0x08000253   Thumb Code     0  libinit2.o(.ARM.Collect$$libinit$$0000001B)
    __rt_lib_init_clock_1                    0x08000253   Thumb Code     0  libinit2.o(.ARM.Collect$$libinit$$00000021)
    __rt_lib_init_cpp_1                      0x08000253   Thumb Code     0  libinit2.o(.ARM.Collect$$libinit$$00000032)
    __rt_lib_init_exceptions_1               0x08000253   Thumb Code     0  libinit2.o(.ARM.Collect$$libinit$$00000030)
    __rt_lib_init_fp_trap_1                  0x08000253   Thumb Code     0  libinit2.o(.ARM.Collect$$libinit$$0000001F)
    __rt_lib_init_getenv_1                   0x08000253   Thumb Code     0  libinit2.o(.ARM.Collect$$libinit$$00000023)
    __rt_lib_init_lc_numeric_1               0x08000253   Thumb Code     0  libinit2.o(.ARM.Collect$$libinit$$00000017)
    __rt_lib_init_lc_time_1                  0x08000253   Thumb Code     0  libinit2.o(.ARM.Collect$$libinit$$00000019)
    __rt_lib_init_return                     0x08000253   Thumb Code     0  libinit2.o(.ARM.Collect$$libinit$$00000033)
    __rt_lib_init_signal_1                   0x08000253   Thumb Code     0  libinit2.o(.ARM.Collect$$libinit$$0000001D)
    __rt_lib_init_stdio_1                    0x08000253   Thumb Code     0  libinit2.o(.ARM.Collect$$libinit$$00000025)
    __rt_lib_shutdown                        0x08000255   Thumb Code     0  libshutdown.o(.ARM.Collect$$libshutdown$$00000000)
    __rt_lib_shutdown_cpp_1                  0x08000257   Thumb Code     0  libshutdown2.o(.ARM.Collect$$libshutdown$$00000004)
    __rt_lib_shutdown_fini_1                 0x08000257   Thumb Code     0  libshutdown2.o(.ARM.Collect$$libshutdown$$00000002)
    __rt_lib_shutdown_fp_trap_1              0x08000257   Thumb Code     0  libshutdown2.o(.ARM.Collect$$libshutdown$$00000009)
    __rt_lib_shutdown_heap_1                 0x08000257   Thumb Code     0  libshutdown2.o(.ARM.Collect$$libshutdown$$00000011)
    __rt_lib_shutdown_return                 0x08000257   Thumb Code     0  libshutdown2.o(.ARM.Collect$$libshutdown$$00000012)
    __rt_lib_shutdown_signal_1               0x08000257   Thumb Code     0  libshutdown2.o(.ARM.Collect$$libshutdown$$0000000C)
    __rt_lib_shutdown_stdio_1                0x08000257   Thumb Code     0  libshutdown2.o(.ARM.Collect$$libshutdown$$00000006)
    __rt_lib_shutdown_user_alloc_1           0x08000257   Thumb Code     0  libshutdown2.o(.ARM.Collect$$libshutdown$$0000000E)
    __rt_entry                               0x08000259   Thumb Code     0  __rtentry.o(.ARM.Collect$$rtentry$$00000000)
    __rt_entry_presh_1                       0x08000259   Thumb Code     0  __rtentry2.o(.ARM.Collect$$rtentry$$00000002)
    __rt_entry_sh                            0x08000259   Thumb Code     0  __rtentry4.o(.ARM.Collect$$rtentry$$00000004)
    __rt_entry_li                            0x0800025f   Thumb Code     0  __rtentry2.o(.ARM.Collect$$rtentry$$0000000A)
    __rt_entry_postsh_1                      0x0800025f   Thumb Code     0  __rtentry2.o(.ARM.Collect$$rtentry$$00000009)
    __rt_entry_main                          0x08000263   Thumb Code     0  __rtentry2.o(.ARM.Collect$$rtentry$$0000000D)
    __rt_entry_postli_1                      0x08000263   Thumb Code     0  __rtentry2.o(.ARM.Collect$$rtentry$$0000000C)
    __rt_exit                                0x0800026b   Thumb Code     0  rtexit.o(.ARM.Collect$$rtexit$$00000000)
    __rt_exit_ls                             0x0800026d   Thumb Code     0  rtexit2.o(.ARM.Collect$$rtexit$$00000003)
    __rt_exit_prels_1                        0x0800026d   Thumb Code     0  rtexit2.o(.ARM.Collect$$rtexit$$00000002)
    __rt_exit_exit                           0x08000271   Thumb Code     0  rtexit2.o(.ARM.Collect$$rtexit$$00000004)
    Reset_Handler                            0x08000279   Thumb Code     8  startup_stm32f10x_hd.o(.text)
    ADC1_2_IRQHandler                        0x08000293   Thumb Code     0  startup_stm32f10x_hd.o(.text)
    ADC3_IRQHandler                          0x08000293   Thumb Code     0  startup_stm32f10x_hd.o(.text)
    CAN1_RX1_IRQHandler                      0x08000293   Thumb Code     0  startup_stm32f10x_hd.o(.text)
    CAN1_SCE_IRQHandler                      0x08000293   Thumb Code     0  startup_stm32f10x_hd.o(.text)
    DMA1_Channel1_IRQHandler                 0x08000293   Thumb Code     0  startup_stm32f10x_hd.o(.text)
    DMA1_Channel2_IRQHandler                 0x08000293   Thumb Code     0  startup_stm32f10x_hd.o(.text)
    DMA1_Channel4_IRQHandler                 0x08000293   Thumb Code     0  startup_stm32f10x_hd.o(.text)
    DMA1_Channel5_IRQHandler                 0x08000293   Thumb Code     0  startup_stm32f10x_hd.o(.text)
    DMA1_Channel6_IRQHandler                 0x08000293   Thumb Code     0  startup_stm32f10x_hd.o(.text)
    DMA1_Channel7_IRQHandler                 0x08000293   Thumb Code     0  startup_stm32f10x_hd.o(.text)
    DMA2_Channel1_IRQHandler                 0x08000293   Thumb Code     0  startup_stm32f10x_hd.o(.text)
    DMA2_Channel2_IRQHandler                 0x08000293   Thumb Code     0  startup_stm32f10x_hd.o(.text)
    DMA2_Channel3_IRQHandler                 0x08000293   Thumb Code     0  startup_stm32f10x_hd.o(.text)
    DMA2_Channel4_5_IRQHandler               0x08000293   Thumb Code     0  startup_stm32f10x_hd.o(.text)
    EXTI0_IRQHandler                         0x08000293   Thumb Code     0  startup_stm32f10x_hd.o(.text)
    EXTI15_10_IRQHandler                     0x08000293   Thumb Code     0  startup_stm32f10x_hd.o(.text)
    EXTI1_IRQHandler                         0x08000293   Thumb Code     0  startup_stm32f10x_hd.o(.text)
    EXTI2_IRQHandler                         0x08000293   Thumb Code     0  startup_stm32f10x_hd.o(.text)
    EXTI3_IRQHandler                         0x08000293   Thumb Code     0  startup_stm32f10x_hd.o(.text)
    EXTI4_IRQHandler                         0x08000293   Thumb Code     0  startup_stm32f10x_hd.o(.text)
    EXTI9_5_IRQHandler                       0x08000293   Thumb Code     0  startup_stm32f10x_hd.o(.text)
    FLASH_IRQHandler                         0x08000293   Thumb Code     0  startup_stm32f10x_hd.o(.text)
    FSMC_IRQHandler                          0x08000293   Thumb Code     0  startup_stm32f10x_hd.o(.text)
    I2C1_ER_IRQHandler                       0x08000293   Thumb Code     0  startup_stm32f10x_hd.o(.text)
    I2C1_EV_IRQHandler                       0x08000293   Thumb Code     0  startup_stm32f10x_hd.o(.text)
    I2C2_ER_IRQHandler                       0x08000293   Thumb Code     0  startup_stm32f10x_hd.o(.text)
    I2C2_EV_IRQHandler                       0x08000293   Thumb Code     0  startup_stm32f10x_hd.o(.text)
    PVD_IRQHandler                           0x08000293   Thumb Code     0  startup_stm32f10x_hd.o(.text)
    RCC_IRQHandler                           0x08000293   Thumb Code     0  startup_stm32f10x_hd.o(.text)
    RTCAlarm_IRQHandler                      0x08000293   Thumb Code     0  startup_stm32f10x_hd.o(.text)
    RTC_IRQHandler                           0x08000293   Thumb Code     0  startup_stm32f10x_hd.o(.text)
    SDIO_IRQHandler                          0x08000293   Thumb Code     0  startup_stm32f10x_hd.o(.text)
    SPI1_IRQHandler                          0x08000293   Thumb Code     0  startup_stm32f10x_hd.o(.text)
    SPI2_IRQHandler                          0x08000293   Thumb Code     0  startup_stm32f10x_hd.o(.text)
    SPI3_IRQHandler                          0x08000293   Thumb Code     0  startup_stm32f10x_hd.o(.text)
    TAMPER_IRQHandler                        0x08000293   Thumb Code     0  startup_stm32f10x_hd.o(.text)
    TIM1_BRK_IRQHandler                      0x08000293   Thumb Code     0  startup_stm32f10x_hd.o(.text)
    TIM1_CC_IRQHandler                       0x08000293   Thumb Code     0  startup_stm32f10x_hd.o(.text)
    TIM1_TRG_COM_IRQHandler                  0x08000293   Thumb Code     0  startup_stm32f10x_hd.o(.text)
    TIM1_UP_IRQHandler                       0x08000293   Thumb Code     0  startup_stm32f10x_hd.o(.text)
    TIM5_IRQHandler                          0x08000293   Thumb Code     0  startup_stm32f10x_hd.o(.text)
    TIM6_IRQHandler                          0x08000293   Thumb Code     0  startup_stm32f10x_hd.o(.text)
    TIM7_IRQHandler                          0x08000293   Thumb Code     0  startup_stm32f10x_hd.o(.text)
    TIM8_BRK_IRQHandler                      0x08000293   Thumb Code     0  startup_stm32f10x_hd.o(.text)
    TIM8_CC_IRQHandler                       0x08000293   Thumb Code     0  startup_stm32f10x_hd.o(.text)
    TIM8_TRG_COM_IRQHandler                  0x08000293   Thumb Code     0  startup_stm32f10x_hd.o(.text)
    TIM8_UP_IRQHandler                       0x08000293   Thumb Code     0  startup_stm32f10x_hd.o(.text)
    UART4_IRQHandler                         0x08000293   Thumb Code     0  startup_stm32f10x_hd.o(.text)
    UART5_IRQHandler                         0x08000293   Thumb Code     0  startup_stm32f10x_hd.o(.text)
    USART1_IRQHandler                        0x08000293   Thumb Code     0  startup_stm32f10x_hd.o(.text)
    USBWakeUp_IRQHandler                     0x08000293   Thumb Code     0  startup_stm32f10x_hd.o(.text)
    USB_HP_CAN1_TX_IRQHandler                0x08000293   Thumb Code     0  startup_stm32f10x_hd.o(.text)
    USB_LP_CAN1_RX0_IRQHandler               0x08000293   Thumb Code     0  startup_stm32f10x_hd.o(.text)
    WWDG_IRQHandler                          0x08000293   Thumb Code     0  startup_stm32f10x_hd.o(.text)
    __user_initial_stackheap                 0x08000295   Thumb Code     0  startup_stm32f10x_hd.o(.text)
    __use_no_semihosting                     0x080002b9   Thumb Code     2  use_no_semi_2.o(.text)
    __rt_ctype_table                         0x080002bd   Thumb Code    16  rt_ctype_table.o(.text)
    __c89vsprintf                            0x080002cd   Thumb Code    32  c89vsprintf.o(.text)
    __2sprintf                               0x080002f1   Thumb Code    38  __2sprintf.o(.text)
    _printf_pre_padding                      0x0800031d   Thumb Code    44  _printf_pad.o(.text)
    _printf_post_padding                     0x08000349   Thumb Code    34  _printf_pad.o(.text)
    _printf_str                              0x0800036b   Thumb Code    82  _printf_str.o(.text)
    _printf_longlong_hex                     0x080003bd   Thumb Code    86  _printf_hex_int_ll_ptr.o(.text)
    _printf_int_hex                          0x08000413   Thumb Code    28  _printf_hex_int_ll_ptr.o(.text)
    _printf_ll_hex                           0x0800042f   Thumb Code    12  _printf_hex_int_ll_ptr.o(.text)
    _printf_hex_ptr                          0x0800043b   Thumb Code    18  _printf_hex_int_ll_ptr.o(.text)
    __printf                                 0x08000451   Thumb Code   388  __printf_flags_ss_wp.o(.text)
    strstr                                   0x080005d9   Thumb Code    36  strstr.o(.text)
    memcmp                                   0x080005fd   Thumb Code    88  memcmp.o(.text)
    strcpy                                   0x08000655   Thumb Code    72  strcpy.o(.text)
    strlen                                   0x0800069d   Thumb Code    62  strlen.o(.text)
    __aeabi_memcpy                           0x080006db   Thumb Code     0  rt_memcpy_v6.o(.text)
    __rt_memcpy                              0x080006db   Thumb Code   138  rt_memcpy_v6.o(.text)
    _memcpy_lastbytes                        0x08000741   Thumb Code     0  rt_memcpy_v6.o(.text)
    __aeabi_memcpy4                          0x08000765   Thumb Code     0  rt_memcpy_w.o(.text)
    __aeabi_memcpy8                          0x08000765   Thumb Code     0  rt_memcpy_w.o(.text)
    __rt_memcpy_w                            0x08000765   Thumb Code   100  rt_memcpy_w.o(.text)
    _memcpy_lastbytes_aligned                0x080007ad   Thumb Code     0  rt_memcpy_w.o(.text)
    __aeabi_memclr                           0x080007c9   Thumb Code     0  rt_memclr.o(.text)
    __rt_memclr                              0x080007c9   Thumb Code    68  rt_memclr.o(.text)
    _memset                                  0x080007cd   Thumb Code     0  rt_memclr.o(.text)
    __aeabi_memclr4                          0x0800080d   Thumb Code     0  rt_memclr_w.o(.text)
    __aeabi_memclr8                          0x0800080d   Thumb Code     0  rt_memclr_w.o(.text)
    __rt_memclr_w                            0x0800080d   Thumb Code    78  rt_memclr_w.o(.text)
    _memset_w                                0x08000811   Thumb Code     0  rt_memclr_w.o(.text)
    strncpy                                  0x0800085b   Thumb Code    86  strncpy.o(.text)
    __use_two_region_memory                  0x080008b1   Thumb Code     2  heapauxi.o(.text)
    __rt_heap_escrow                         0x080008b3   Thumb Code     2  heapauxi.o(.text)
    __rt_heap_expand                         0x080008b5   Thumb Code     2  heapauxi.o(.text)
    __I$use$semihosting                      0x080008b7   Thumb Code     0  use_no_semi.o(.text)
    __use_no_semihosting_swi                 0x080008b7   Thumb Code     2  use_no_semi.o(.text)
    __rt_locale                              0x080008b9   Thumb Code     8  rt_locale_intlibspace.o(.text)
    _printf_truncate_signed                  0x080008c1   Thumb Code    18  _printf_truncate.o(.text)
    _printf_truncate_unsigned                0x080008d3   Thumb Code    18  _printf_truncate.o(.text)
    _printf_int_common                       0x080008e5   Thumb Code   178  _printf_intcommon.o(.text)
    _printf_int_dec                          0x08000999   Thumb Code   104  _printf_dec.o(.text)
    _printf_charcount                        0x08000a11   Thumb Code    40  _printf_charcount.o(.text)
    __lib_sel_fp_printf                      0x08000a39   Thumb Code     2  _printf_fp_dec.o(.text)
    _printf_fp_dec_real                      0x08000beb   Thumb Code   620  _printf_fp_dec.o(.text)
    _printf_char_common                      0x08000e63   Thumb Code    32  _printf_char_common.o(.text)
    _sputc                                   0x08000e89   Thumb Code    10  _sputc.o(.text)
    _printf_cs_common                        0x08000e93   Thumb Code    20  _printf_char.o(.text)
    _printf_char                             0x08000ea7   Thumb Code    16  _printf_char.o(.text)
    _printf_string                           0x08000eb7   Thumb Code     8  _printf_char.o(.text)
    _printf_wctomb                           0x08000ec1   Thumb Code   182  _printf_wctomb.o(.text)
    _printf_longlong_dec                     0x08000f7d   Thumb Code   108  _printf_longlong_dec.o(.text)
    _printf_longlong_oct                     0x08000ff9   Thumb Code    66  _printf_oct_int_ll.o(.text)
    _printf_int_oct                          0x0800103b   Thumb Code    24  _printf_oct_int_ll.o(.text)
    _printf_ll_oct                           0x08001053   Thumb Code    12  _printf_oct_int_ll.o(.text)
    __user_libspace                          0x08001069   Thumb Code     8  libspace.o(.text)
    __user_perproc_libspace                  0x08001069   Thumb Code     0  libspace.o(.text)
    __user_perthread_libspace                0x08001069   Thumb Code     0  libspace.o(.text)
    _ll_udiv10                               0x08001071   Thumb Code   138  lludiv10.o(.text)
    _printf_fp_infnan                        0x080010fd   Thumb Code   112  _printf_fp_infnan.o(.text)
    _printf_lcs_common                       0x0800117d   Thumb Code    20  _printf_wchar.o(.text)
    _printf_wchar                            0x08001191   Thumb Code    16  _printf_wchar.o(.text)
    _printf_wstring                          0x080011a1   Thumb Code     8  _printf_wchar.o(.text)
    _btod_etento                             0x080011a9   Thumb Code   224  bigflt0.o(.text)
    _wcrtomb                                 0x0800128d   Thumb Code    64  _wcrtomb.o(.text)
    strcmp                                   0x080012cd   Thumb Code   128  strcmpv7m.o(.text)
    __user_setup_stackheap                   0x0800134d   Thumb Code    74  sys_stackheap_outer.o(.text)
    exit                                     0x08001397   Thumb Code    18  exit.o(.text)
    _btod_d2e                                0x080013a9   Thumb Code    62  btod.o(CL$$btod_d2e)
    _d2e_denorm_low                          0x080013e7   Thumb Code    70  btod.o(CL$$btod_d2e_denorm_low)
    _d2e_norm_op1                            0x0800142d   Thumb Code    96  btod.o(CL$$btod_d2e_norm_op1)
    __btod_div_common                        0x0800148d   Thumb Code   696  btod.o(CL$$btod_div_common)
    _e2e                                     0x080017c5   Thumb Code   220  btod.o(CL$$btod_e2e)
    _btod_ediv                               0x080018a1   Thumb Code    42  btod.o(CL$$btod_ediv)
    _btod_emul                               0x080018cb   Thumb Code    42  btod.o(CL$$btod_emul)
    __btod_mult_common                       0x080018f5   Thumb Code   580  btod.o(CL$$btod_mult_common)
    BusFault_Handler                         0x08001b39   Thumb Code     2  stm32f10x_it.o(i.BusFault_Handler)
    CMDBuf_Deal                              0x08001b3d   Thumb Code    96  mqtt.o(i.CMDBuf_Deal)
    DMA1_Channel3_IRQHandler                 0x08001ba9   Thumb Code     8  stm32f10x_it.o(i.DMA1_Channel3_IRQHandler)
    DMA_ClearFlag                            0x08001bb1   Thumb Code    18  stm32f10x_dma.o(i.DMA_ClearFlag)
    DMA_GetITStatus                          0x08001bcd   Thumb Code    36  stm32f10x_dma.o(i.DMA_GetITStatus)
    DebugMon_Handler                         0x08001bf9   Thumb Code     2  stm32f10x_it.o(i.DebugMon_Handler)
    DelayMs                                  0x08001bfd   Thumb Code    56  delay.o(i.DelayMs)
    Delay_Init                               0x08001c39   Thumb Code    52  delay.o(i.Delay_Init)
    GET_GPS                                  0x08001c75   Thumb Code    76  gps_config.o(i.GET_GPS)
    GPIO_Init                                0x08001cf1   Thumb Code   278  stm32f10x_gpio.o(i.GPIO_Init)
    GPIO_WriteBit                            0x08001e07   Thumb Code    10  stm32f10x_gpio.o(i.GPIO_WriteBit)
    GPS_Config                               0x08001e11   Thumb Code    12  gps_config.o(i.GPS_Config)
    GPS_ProcessDMAIRQ                        0x08001e1d   Thumb Code    56  gps_config.o(i.GPS_ProcessDMAIRQ)
    GPS_data_process                         0x08001e69   Thumb Code   254  gps_config.o(i.GPS_data_process)
    HardFault_Handler                        0x08001f7d   Thumb Code     2  stm32f10x_it.o(i.HardFault_Handler)
    IoT_Parameter_Init                       0x08001f81   Thumb Code   156  mqtt.o(i.IoT_Parameter_Init)
    MQTT_Buff_Init                           0x080020cd   Thumb Code    90  mqtt.o(i.MQTT_Buff_Init)
    MQTT_ConectPack                          0x0800217d   Thumb Code   496  mqtt.o(i.MQTT_ConectPack)
    MQTT_DealPushdata_Qs0                    0x08002395   Thumb Code   234  mqtt.o(i.MQTT_DealPushdata_Qs0)
    MQTT_PingREQ                             0x08002495   Thumb Code    22  mqtt.o(i.MQTT_PingREQ)
    MQTT_PublishQs0                          0x080024b1   Thumb Code   220  mqtt.o(i.MQTT_PublishQs0)
    MQTT_Subscribe                           0x0800259d   Thumb Code   134  mqtt.o(i.MQTT_Subscribe)
    MemManage_Handler                        0x08002635   Thumb Code     2  stm32f10x_it.o(i.MemManage_Handler)
    NMAE_find_pos                            0x08002639   Thumb Code    62  gps_config.o(i.NMAE_find_pos)
    NMAE_str2num                             0x0800267d   Thumb Code   316  gps_config.o(i.NMAE_str2num)
    NMI_Handler                              0x080027c1   Thumb Code     2  stm32f10x_it.o(i.NMI_Handler)
    NVIC_Init                                0x080027c5   Thumb Code   100  misc.o(i.NVIC_Init)
    NVIC_PriorityGroupConfig                 0x08002835   Thumb Code    10  misc.o(i.NVIC_PriorityGroupConfig)
    Onenet_Init                              0x08002849   Thumb Code   692  onenet.o(i.Onenet_Init)
    PendSV_Handler                           0x08002d45   Thumb Code     2  stm32f10x_it.o(i.PendSV_Handler)
    RCC_APB1PeriphClockCmd                   0x08002d49   Thumb Code    26  stm32f10x_rcc.o(i.RCC_APB1PeriphClockCmd)
    RCC_APB1PeriphResetCmd                   0x08002d69   Thumb Code    26  stm32f10x_rcc.o(i.RCC_APB1PeriphResetCmd)
    RCC_APB2PeriphClockCmd                   0x08002d89   Thumb Code    26  stm32f10x_rcc.o(i.RCC_APB2PeriphClockCmd)
    RCC_APB2PeriphResetCmd                   0x08002da9   Thumb Code    26  stm32f10x_rcc.o(i.RCC_APB2PeriphResetCmd)
    RCC_GetClocksFreq                        0x08002dc9   Thumb Code   192  stm32f10x_rcc.o(i.RCC_GetClocksFreq)
    SVC_Handler                              0x08002e9d   Thumb Code     2  stm32f10x_it.o(i.SVC_Handler)
    Send_Data                                0x08002ea1   Thumb Code   342  control.o(i.Send_Data)
    SysTick_CLKSourceConfig                  0x08003145   Thumb Code    40  misc.o(i.SysTick_CLKSourceConfig)
    SysTick_Handler                          0x0800316d   Thumb Code     2  stm32f10x_it.o(i.SysTick_Handler)
    SystemInit                               0x08003171   Thumb Code    78  system_stm32f10x.o(i.SystemInit)
    TIM2_ENABLE_10S                          0x080031d1   Thumb Code   118  timer2.o(i.TIM2_ENABLE_10S)
    TIM2_IRQHandler                          0x08003249   Thumb Code   422  stm32f10x_it.o(i.TIM2_IRQHandler)
    TIM3_ENABLE_2S                           0x08003489   Thumb Code   116  timer3.o(i.TIM3_ENABLE_2S)
    TIM3_ENABLE_30S                          0x08003501   Thumb Code   114  timer3.o(i.TIM3_ENABLE_30S)
    TIM3_IRQHandler                          0x08003579   Thumb Code    94  stm32f10x_it.o(i.TIM3_IRQHandler)
    TIM4_IRQHandler                          0x080035e5   Thumb Code   122  stm32f10x_it.o(i.TIM4_IRQHandler)
    TIM4_Init                                0x0800367d   Thumb Code   106  timer4.o(i.TIM4_Init)
    TIM_ClearITPendingBit                    0x080036ed   Thumb Code     6  stm32f10x_tim.o(i.TIM_ClearITPendingBit)
    TIM_Cmd                                  0x080036f3   Thumb Code    24  stm32f10x_tim.o(i.TIM_Cmd)
    TIM_DeInit                               0x0800370d   Thumb Code   424  stm32f10x_tim.o(i.TIM_DeInit)
    TIM_GetITStatus                          0x080038f5   Thumb Code    34  stm32f10x_tim.o(i.TIM_GetITStatus)
    TIM_ITConfig                             0x08003917   Thumb Code    18  stm32f10x_tim.o(i.TIM_ITConfig)
    TIM_SetCounter                           0x08003929   Thumb Code     4  stm32f10x_tim.o(i.TIM_SetCounter)
    TIM_TimeBaseInit                         0x0800392d   Thumb Code   122  stm32f10x_tim.o(i.TIM_TimeBaseInit)
    TxDataBuf_Deal                           0x080039d1   Thumb Code    86  mqtt.o(i.TxDataBuf_Deal)
    USART2_IRQHandler                        0x08003a35   Thumb Code   104  stm32f10x_it.o(i.USART2_IRQHandler)
    USART3_IRQHandler                        0x08003ab1   Thumb Code    90  stm32f10x_it.o(i.USART3_IRQHandler)
    USART_ClearFlag                          0x08003b1d   Thumb Code    18  stm32f10x_usart.o(i.USART_ClearFlag)
    USART_Cmd                                0x08003b2f   Thumb Code    24  stm32f10x_usart.o(i.USART_Cmd)
    USART_DeInit                             0x08003b49   Thumb Code   134  stm32f10x_usart.o(i.USART_DeInit)
    USART_GetITStatus                        0x08003be5   Thumb Code    84  stm32f10x_usart.o(i.USART_GetITStatus)
    USART_ITConfig                           0x08003c39   Thumb Code    74  stm32f10x_usart.o(i.USART_ITConfig)
    USART_Init                               0x08003c85   Thumb Code   210  stm32f10x_usart.o(i.USART_Init)
    USART_ReceiveData                        0x08003d5d   Thumb Code    10  stm32f10x_usart.o(i.USART_ReceiveData)
    UsageFault_Handler                       0x08003d67   Thumb Code     2  stm32f10x_it.o(i.UsageFault_Handler)
    Usart1_Init                              0x08003d69   Thumb Code   118  usart1.o(i.Usart1_Init)
    Usart2_Init                              0x08003de9   Thumb Code   176  usart2.o(i.Usart2_Init)
    Usart3_Init                              0x08003ea1   Thumb Code   172  gps_config.o(i.Usart3_Init)
    WiFi_Connect_IoTServer                   0x08003f55   Thumb Code   232  wifi.o(i.WiFi_Connect_IoTServer)
    WiFi_Connect_Server                      0x080042d9   Thumb Code   190  wifi.o(i.WiFi_Connect_Server)
    WiFi_JoinAP                              0x08004431   Thumb Code    96  wifi.o(i.WiFi_JoinAP)
    WiFi_Reset                               0x080044d5   Thumb Code   100  wifi.o(i.WiFi_Reset)
    WiFi_ResetIO_Init                        0x08004561   Thumb Code    48  wifi.o(i.WiFi_ResetIO_Init)
    WiFi_SendCmd                             0x08004595   Thumb Code    86  wifi.o(i.WiFi_SendCmd)
    __ARM_fpclassify                         0x08004609   Thumb Code    40  fpclassify.o(i.__ARM_fpclassify)
    _is_digit                                0x08004631   Thumb Code    14  __printf_wp.o(i._is_digit)
    _sys_exit                                0x0800463f   Thumb Code     4  usart1.o(i._sys_exit)
    main                                     0x08004643   Thumb Code    54  main.o(i.main)
    num_pow                                  0x08004679   Thumb Code    16  gps_config.o(i.num_pow)
    u1_printf                                0x08004689   Thumb Code    84  usart1.o(i.u1_printf)
    u2_TxData                                0x080046e5   Thumb Code    58  usart2.o(i.u2_TxData)
    u2_printf                                0x08004725   Thumb Code    84  usart2.o(i.u2_printf)
    _get_lc_ctype                            0x08004781   Thumb Code    44  lc_ctype_c.o(locale$$code)
    _get_lc_numeric                          0x080047ad   Thumb Code    44  lc_numeric_c.o(locale$$code)
    __aeabi_d2f                              0x080047d9   Thumb Code     0  d2f.o(x$fpl$d2f)
    _d2f                                     0x080047d9   Thumb Code    98  d2f.o(x$fpl$d2f)
    __aeabi_dadd                             0x0800483d   Thumb Code     0  daddsub_clz.o(x$fpl$dadd)
    _dadd                                    0x0800483d   Thumb Code   332  daddsub_clz.o(x$fpl$dadd)
    __aeabi_ddiv                             0x0800498d   Thumb Code     0  ddiv.o(x$fpl$ddiv)
    _ddiv                                    0x0800498d   Thumb Code   552  ddiv.o(x$fpl$ddiv)
    __aeabi_i2d                              0x08004c3d   Thumb Code     0  dflt_clz.o(x$fpl$dflt)
    _dflt                                    0x08004c3d   Thumb Code    46  dflt_clz.o(x$fpl$dflt)
    __fpl_dnaninf                            0x08004c6b   Thumb Code   156  dnaninf.o(x$fpl$dnaninf)
    __fpl_dretinf                            0x08004d07   Thumb Code    12  dretinf.o(x$fpl$dretinf)
    __aeabi_dsub                             0x08004d15   Thumb Code     0  daddsub_clz.o(x$fpl$dsub)
    _dsub                                    0x08004d15   Thumb Code   464  daddsub_clz.o(x$fpl$dsub)
    __aeabi_f2d                              0x08004ee9   Thumb Code     0  f2d.o(x$fpl$f2d)
    _f2d                                     0x08004ee9   Thumb Code    86  f2d.o(x$fpl$f2d)
    __aeabi_fadd                             0x08004f41   Thumb Code     0  faddsub_clz.o(x$fpl$fadd)
    _fadd                                    0x08004f41   Thumb Code   196  faddsub_clz.o(x$fpl$fadd)
    __aeabi_i2f                              0x08005005   Thumb Code     0  fflt_clz.o(x$fpl$fflt)
    _fflt                                    0x08005005   Thumb Code    48  fflt_clz.o(x$fpl$fflt)
    __fpl_fnaninf                            0x08005035   Thumb Code   140  fnaninf.o(x$fpl$fnaninf)
    __fpl_fretinf                            0x080050c1   Thumb Code    10  fretinf.o(x$fpl$fretinf)
    __aeabi_fsub                             0x080050cd   Thumb Code     0  faddsub_clz.o(x$fpl$fsub)
    _fsub                                    0x080050cd   Thumb Code   234  faddsub_clz.o(x$fpl$fsub)
    _printf_fp_dec                           0x080051b7   Thumb Code     4  printf1.o(x$fpl$printf1)
    __I$use$fp                               0x080051ba   Number         0  usenofp.o(x$fpl$usenofp)
    Region$$Table$$Base                      0x080052a4   Number         0  anon$$obj.o(Region$$Table)
    Region$$Table$$Limit                     0x080052c4   Number         0  anon$$obj.o(Region$$Table)
    __ctype                                  0x080052d1   Data           0  lc_ctype_c.o(locale$$data)
    Usart2_RxCompleted                       0x20000004   Data           1  usart2.o(.data)
    Usart2_RxCounter                         0x20000008   Data           4  usart2.o(.data)
    MQTT_RxDataInPtr                         0x20000020   Data           4  mqtt.o(.data)
    MQTT_RxDataOutPtr                        0x20000024   Data           4  mqtt.o(.data)
    MQTT_RxDataEndPtr                        0x20000028   Data           4  mqtt.o(.data)
    MQTT_TxDataInPtr                         0x2000002c   Data           4  mqtt.o(.data)
    MQTT_TxDataOutPtr                        0x20000030   Data           4  mqtt.o(.data)
    MQTT_TxDataEndPtr                        0x20000034   Data           4  mqtt.o(.data)
    MQTT_CMDInPtr                            0x20000038   Data           4  mqtt.o(.data)
    MQTT_CMDOutPtr                           0x2000003c   Data           4  mqtt.o(.data)
    MQTT_CMDEndPtr                           0x20000040   Data           4  mqtt.o(.data)
    ClientID_len                             0x20000044   Data           4  mqtt.o(.data)
    Username_len                             0x20000048   Data           4  mqtt.o(.data)
    Passward_len                             0x2000004c   Data           4  mqtt.o(.data)
    ServerPort                               0x20000050   Data           4  mqtt.o(.data)
    Fixed_len                                0x20000054   Data           4  mqtt.o(.data)
    Variable_len                             0x20000058   Data           4  mqtt.o(.data)
    Payload_len                              0x2000005c   Data           4  mqtt.o(.data)
    pingFlag                                 0x20000060   Data           1  mqtt.o(.data)
    connectFlag                              0x20000061   Data           1  mqtt.o(.data)
    connectPackFlag                          0x20000062   Data           1  mqtt.o(.data)
    subcribePackFlag                         0x20000063   Data           1  mqtt.o(.data)
    wifi_mode                                0x20000064   Data           1  wifi.o(.data)
    cmdLED_On                                0x20000068   Data           4  onenet.o(.data)
    cmdLED_Off                               0x2000006c   Data           4  onenet.o(.data)
    ledFlag                                  0x20000070   Data           4  onenet.o(.data)
    longtitude                               0x20000078   Data           8  gps_config.o(.data)
    latitude                                 0x20000080   Data           8  gps_config.o(.data)
    gps_data                                 0x20000088   Data          73  gps_config.o(.data)
    i                                        0x200000d1   Data           1  gps_config.o(.data)
    USART_RX_OK_FLAG                         0x200000d2   Data           1  gps_config.o(.data)
    GPS_TransferEnd                          0x200000d3   Data           1  gps_config.o(.data)
    GPS_HalfTransferEnd                      0x200000d4   Data           1  gps_config.o(.data)
    new_parse                                0x200000d5   Data           1  gps_config.o(.data)
    Usart1_TxBuff                            0x200000d8   Data         256  usart1.o(.bss)
    Usart2_RxBuff                            0x200001d8   Data        1024  usart2.o(.bss)
    USART2_TxBuff                            0x200005d8   Data        1024  usart2.o(.bss)
    buff2                                    0x200009d8   Data         200  light.o(.bss)
    buff1                                    0x20000aa0   Data         200  mq_7.o(.bss)
    MQTT_RxDataBuf                           0x20000b68   Data        1500  mqtt.o(.bss)
    MQTT_TxDataBuf                           0x20001144   Data        1500  mqtt.o(.bss)
    MQTT_CMDBuf                              0x20001720   Data        1500  mqtt.o(.bss)
    ClientID                                 0x20001cfc   Data         128  mqtt.o(.bss)
    Username                                 0x20001d7c   Data         128  mqtt.o(.bss)
    Passward                                 0x20001dfc   Data         128  mqtt.o(.bss)
    ServerIP                                 0x20001e7c   Data         128  mqtt.o(.bss)
    temp_buff                                0x20001efc   Data         300  mqtt.o(.bss)
    temp_gpsdata                             0x20002028   Data          73  gps_config.o(.bss)
    gps_rbuff                                0x20002071   Data         512  gps_config.o(.bss)
    info                                     0x20002278   Data        1632  gps_config.o(.bss)
    parser                                   0x200028d8   Data          20  gps_config.o(.bss)
    beiJingTime                              0x200028ec   Data          28  gps_config.o(.bss)
    __libspace_start                         0x20002908   Data          96  libspace.o(.bss)
    __temporary_stack_top$libspace           0x20002968   Data           0  libspace.o(.bss)



==============================================================================

Memory Map of the image

  Image Entry point : 0x08000279

  Load Region LR_1 (Base: 0x08000000, Size: 0x000054c8, Max: 0xffffffff, ABSOLUTE)

    Execution Region ER_RO (Exec base: 0x08000000, Load base: 0x08000000, Size: 0x000053f0, Max: 0xffffffff, ABSOLUTE)

    Exec Addr    Load Addr    Size         Type   Attr      Idx    E Section Name        Object

    0x08000000   0x08000000   0x00000130   Data   RO          531    RESET               startup_stm32f10x_hd.o
    0x08000130   0x08000130   0x00000008   Code   RO         3779  * !!!main             c_w.l(__main.o)
    0x08000138   0x08000138   0x00000034   Code   RO         4345    !!!scatter          c_w.l(__scatter.o)
    0x0800016c   0x0800016c   0x0000001a   Code   RO         4347    !!handler_copy      c_w.l(__scatter_copy.o)
    0x08000186   0x08000186   0x00000002   PAD
    0x08000188   0x08000188   0x0000001c   Code   RO         4349    !!handler_zi        c_w.l(__scatter_zi.o)
    0x080001a4   0x080001a4   0x00000000   Code   RO         3747    .ARM.Collect$$_printf_percent$$00000000  c_w.l(_printf_percent.o)
    0x080001a4   0x080001a4   0x00000006   Code   RO         3996    .ARM.Collect$$_printf_percent$$00000001  c_w.l(_printf_n.o)
    0x080001aa   0x080001aa   0x00000006   Code   RO         3997    .ARM.Collect$$_printf_percent$$00000002  c_w.l(_printf_p.o)
    0x080001b0   0x080001b0   0x00000006   Code   RO         3746    .ARM.Collect$$_printf_percent$$00000003  c_w.l(_printf_f.o)
    0x080001b6   0x080001b6   0x00000006   Code   RO         4002    .ARM.Collect$$_printf_percent$$00000004  c_w.l(_printf_e.o)
    0x080001bc   0x080001bc   0x00000006   Code   RO         4003    .ARM.Collect$$_printf_percent$$00000005  c_w.l(_printf_g.o)
    0x080001c2   0x080001c2   0x00000006   Code   RO         4004    .ARM.Collect$$_printf_percent$$00000006  c_w.l(_printf_a.o)
    0x080001c8   0x080001c8   0x0000000a   Code   RO         4009    .ARM.Collect$$_printf_percent$$00000007  c_w.l(_printf_ll.o)
    0x080001d2   0x080001d2   0x00000006   Code   RO         3999    .ARM.Collect$$_printf_percent$$00000008  c_w.l(_printf_i.o)
    0x080001d8   0x080001d8   0x00000006   Code   RO         4000    .ARM.Collect$$_printf_percent$$00000009  c_w.l(_printf_d.o)
    0x080001de   0x080001de   0x00000006   Code   RO         4001    .ARM.Collect$$_printf_percent$$0000000A  c_w.l(_printf_u.o)
    0x080001e4   0x080001e4   0x00000006   Code   RO         3998    .ARM.Collect$$_printf_percent$$0000000B  c_w.l(_printf_o.o)
    0x080001ea   0x080001ea   0x00000006   Code   RO         3745    .ARM.Collect$$_printf_percent$$0000000C  c_w.l(_printf_x.o)
    0x080001f0   0x080001f0   0x00000006   Code   RO         4006    .ARM.Collect$$_printf_percent$$0000000D  c_w.l(_printf_lli.o)
    0x080001f6   0x080001f6   0x00000006   Code   RO         4007    .ARM.Collect$$_printf_percent$$0000000E  c_w.l(_printf_lld.o)
    0x080001fc   0x080001fc   0x00000006   Code   RO         4008    .ARM.Collect$$_printf_percent$$0000000F  c_w.l(_printf_llu.o)
    0x08000202   0x08000202   0x00000006   Code   RO         4013    .ARM.Collect$$_printf_percent$$00000010  c_w.l(_printf_llo.o)
    0x08000208   0x08000208   0x00000006   Code   RO         4014    .ARM.Collect$$_printf_percent$$00000011  c_w.l(_printf_llx.o)
    0x0800020e   0x0800020e   0x0000000a   Code   RO         4010    .ARM.Collect$$_printf_percent$$00000012  c_w.l(_printf_l.o)
    0x08000218   0x08000218   0x00000006   Code   RO         3743    .ARM.Collect$$_printf_percent$$00000013  c_w.l(_printf_c.o)
    0x0800021e   0x0800021e   0x00000006   Code   RO         3744    .ARM.Collect$$_printf_percent$$00000014  c_w.l(_printf_s.o)
    0x08000224   0x08000224   0x00000006   Code   RO         4011    .ARM.Collect$$_printf_percent$$00000015  c_w.l(_printf_lc.o)
    0x0800022a   0x0800022a   0x00000006   Code   RO         4012    .ARM.Collect$$_printf_percent$$00000016  c_w.l(_printf_ls.o)
    0x08000230   0x08000230   0x00000004   Code   RO         4005    .ARM.Collect$$_printf_percent$$00000017  c_w.l(_printf_percent_end.o)
    0x08000234   0x08000234   0x00000002   Code   RO         4244    .ARM.Collect$$libinit$$00000000  c_w.l(libinit.o)
    0x08000236   0x08000236   0x00000000   Code   RO         4025    .ARM.Collect$$libinit$$00000002  c_w.l(libinit2.o)
    0x08000236   0x08000236   0x00000000   Code   RO         4027    .ARM.Collect$$libinit$$00000004  c_w.l(libinit2.o)
    0x08000236   0x08000236   0x00000000   Code   RO         4030    .ARM.Collect$$libinit$$0000000A  c_w.l(libinit2.o)
    0x08000236   0x08000236   0x00000000   Code   RO         4032    .ARM.Collect$$libinit$$0000000C  c_w.l(libinit2.o)
    0x08000236   0x08000236   0x00000000   Code   RO         4034    .ARM.Collect$$libinit$$0000000E  c_w.l(libinit2.o)
    0x08000236   0x08000236   0x00000006   Code   RO         4035    .ARM.Collect$$libinit$$0000000F  c_w.l(libinit2.o)
    0x0800023c   0x0800023c   0x00000000   Code   RO         4037    .ARM.Collect$$libinit$$00000011  c_w.l(libinit2.o)
    0x0800023c   0x0800023c   0x0000000c   Code   RO         4038    .ARM.Collect$$libinit$$00000012  c_w.l(libinit2.o)
    0x08000248   0x08000248   0x00000000   Code   RO         4039    .ARM.Collect$$libinit$$00000013  c_w.l(libinit2.o)
    0x08000248   0x08000248   0x00000000   Code   RO         4041    .ARM.Collect$$libinit$$00000015  c_w.l(libinit2.o)
    0x08000248   0x08000248   0x0000000a   Code   RO         4042    .ARM.Collect$$libinit$$00000016  c_w.l(libinit2.o)
    0x08000252   0x08000252   0x00000000   Code   RO         4043    .ARM.Collect$$libinit$$00000017  c_w.l(libinit2.o)
    0x08000252   0x08000252   0x00000000   Code   RO         4045    .ARM.Collect$$libinit$$00000019  c_w.l(libinit2.o)
    0x08000252   0x08000252   0x00000000   Code   RO         4047    .ARM.Collect$$libinit$$0000001B  c_w.l(libinit2.o)
    0x08000252   0x08000252   0x00000000   Code   RO         4049    .ARM.Collect$$libinit$$0000001D  c_w.l(libinit2.o)
    0x08000252   0x08000252   0x00000000   Code   RO         4051    .ARM.Collect$$libinit$$0000001F  c_w.l(libinit2.o)
    0x08000252   0x08000252   0x00000000   Code   RO         4053    .ARM.Collect$$libinit$$00000021  c_w.l(libinit2.o)
    0x08000252   0x08000252   0x00000000   Code   RO         4055    .ARM.Collect$$libinit$$00000023  c_w.l(libinit2.o)
    0x08000252   0x08000252   0x00000000   Code   RO         4057    .ARM.Collect$$libinit$$00000025  c_w.l(libinit2.o)
    0x08000252   0x08000252   0x00000000   Code   RO         4061    .ARM.Collect$$libinit$$0000002C  c_w.l(libinit2.o)
    0x08000252   0x08000252   0x00000000   Code   RO         4063    .ARM.Collect$$libinit$$0000002E  c_w.l(libinit2.o)
    0x08000252   0x08000252   0x00000000   Code   RO         4065    .ARM.Collect$$libinit$$00000030  c_w.l(libinit2.o)
    0x08000252   0x08000252   0x00000000   Code   RO         4067    .ARM.Collect$$libinit$$00000032  c_w.l(libinit2.o)
    0x08000252   0x08000252   0x00000002   Code   RO         4068    .ARM.Collect$$libinit$$00000033  c_w.l(libinit2.o)
    0x08000254   0x08000254   0x00000002   Code   RO         4330    .ARM.Collect$$libshutdown$$00000000  c_w.l(libshutdown.o)
    0x08000256   0x08000256   0x00000000   Code   RO         4258    .ARM.Collect$$libshutdown$$00000002  c_w.l(libshutdown2.o)
    0x08000256   0x08000256   0x00000000   Code   RO         4260    .ARM.Collect$$libshutdown$$00000004  c_w.l(libshutdown2.o)
    0x08000256   0x08000256   0x00000000   Code   RO         4262    .ARM.Collect$$libshutdown$$00000006  c_w.l(libshutdown2.o)
    0x08000256   0x08000256   0x00000000   Code   RO         4265    .ARM.Collect$$libshutdown$$00000009  c_w.l(libshutdown2.o)
    0x08000256   0x08000256   0x00000000   Code   RO         4268    .ARM.Collect$$libshutdown$$0000000C  c_w.l(libshutdown2.o)
    0x08000256   0x08000256   0x00000000   Code   RO         4270    .ARM.Collect$$libshutdown$$0000000E  c_w.l(libshutdown2.o)
    0x08000256   0x08000256   0x00000000   Code   RO         4273    .ARM.Collect$$libshutdown$$00000011  c_w.l(libshutdown2.o)
    0x08000256   0x08000256   0x00000002   Code   RO         4274    .ARM.Collect$$libshutdown$$00000012  c_w.l(libshutdown2.o)
    0x08000258   0x08000258   0x00000000   Code   RO         3927    .ARM.Collect$$rtentry$$00000000  c_w.l(__rtentry.o)
    0x08000258   0x08000258   0x00000000   Code   RO         4131    .ARM.Collect$$rtentry$$00000002  c_w.l(__rtentry2.o)
    0x08000258   0x08000258   0x00000006   Code   RO         4143    .ARM.Collect$$rtentry$$00000004  c_w.l(__rtentry4.o)
    0x0800025e   0x0800025e   0x00000000   Code   RO         4133    .ARM.Collect$$rtentry$$00000009  c_w.l(__rtentry2.o)
    0x0800025e   0x0800025e   0x00000004   Code   RO         4134    .ARM.Collect$$rtentry$$0000000A  c_w.l(__rtentry2.o)
    0x08000262   0x08000262   0x00000000   Code   RO         4136    .ARM.Collect$$rtentry$$0000000C  c_w.l(__rtentry2.o)
    0x08000262   0x08000262   0x00000008   Code   RO         4137    .ARM.Collect$$rtentry$$0000000D  c_w.l(__rtentry2.o)
    0x0800026a   0x0800026a   0x00000002   Code   RO         4247    .ARM.Collect$$rtexit$$00000000  c_w.l(rtexit.o)
    0x0800026c   0x0800026c   0x00000000   Code   RO         4294    .ARM.Collect$$rtexit$$00000002  c_w.l(rtexit2.o)
    0x0800026c   0x0800026c   0x00000004   Code   RO         4295    .ARM.Collect$$rtexit$$00000003  c_w.l(rtexit2.o)
    0x08000270   0x08000270   0x00000006   Code   RO         4296    .ARM.Collect$$rtexit$$00000004  c_w.l(rtexit2.o)
    0x08000276   0x08000276   0x00000002   PAD
    0x08000278   0x08000278   0x00000040   Code   RO          532  * .text               startup_stm32f10x_hd.o
    0x080002b8   0x080002b8   0x00000002   Code   RO         3614    .text               c_w.l(use_no_semi_2.o)
    0x080002ba   0x080002ba   0x00000002   PAD
    0x080002bc   0x080002bc   0x00000010   Code   RO         3616    .text               c_w.l(rt_ctype_table.o)
    0x080002cc   0x080002cc   0x00000024   Code   RO         3680    .text               c_w.l(c89vsprintf.o)
    0x080002f0   0x080002f0   0x0000002c   Code   RO         3686    .text               c_w.l(__2sprintf.o)
    0x0800031c   0x0800031c   0x0000004e   Code   RO         3698    .text               c_w.l(_printf_pad.o)
    0x0800036a   0x0800036a   0x00000052   Code   RO         3700    .text               c_w.l(_printf_str.o)
    0x080003bc   0x080003bc   0x00000094   Code   RO         3720    .text               c_w.l(_printf_hex_int_ll_ptr.o)
    0x08000450   0x08000450   0x00000188   Code   RO         3740    .text               c_w.l(__printf_flags_ss_wp.o)
    0x080005d8   0x080005d8   0x00000024   Code   RO         3755    .text               c_w.l(strstr.o)
    0x080005fc   0x080005fc   0x00000058   Code   RO         3757    .text               c_w.l(memcmp.o)
    0x08000654   0x08000654   0x00000048   Code   RO         3759    .text               c_w.l(strcpy.o)
    0x0800069c   0x0800069c   0x0000003e   Code   RO         3761    .text               c_w.l(strlen.o)
    0x080006da   0x080006da   0x0000008a   Code   RO         3765    .text               c_w.l(rt_memcpy_v6.o)
    0x08000764   0x08000764   0x00000064   Code   RO         3767    .text               c_w.l(rt_memcpy_w.o)
    0x080007c8   0x080007c8   0x00000044   Code   RO         3771    .text               c_w.l(rt_memclr.o)
    0x0800080c   0x0800080c   0x0000004e   Code   RO         3773    .text               c_w.l(rt_memclr_w.o)
    0x0800085a   0x0800085a   0x00000056   Code   RO         3775    .text               c_w.l(strncpy.o)
    0x080008b0   0x080008b0   0x00000006   Code   RO         3777    .text               c_w.l(heapauxi.o)
    0x080008b6   0x080008b6   0x00000002   Code   RO         3923    .text               c_w.l(use_no_semi.o)
    0x080008b8   0x080008b8   0x00000008   Code   RO         3936    .text               c_w.l(rt_locale_intlibspace.o)
    0x080008c0   0x080008c0   0x00000024   Code   RO         3965    .text               c_w.l(_printf_truncate.o)
    0x080008e4   0x080008e4   0x000000b2   Code   RO         3967    .text               c_w.l(_printf_intcommon.o)
    0x08000996   0x08000996   0x00000002   PAD
    0x08000998   0x08000998   0x00000078   Code   RO         3969    .text               c_w.l(_printf_dec.o)
    0x08000a10   0x08000a10   0x00000028   Code   RO         3971    .text               c_w.l(_printf_charcount.o)
    0x08000a38   0x08000a38   0x0000041e   Code   RO         3973    .text               c_w.l(_printf_fp_dec.o)
    0x08000e56   0x08000e56   0x00000002   PAD
    0x08000e58   0x08000e58   0x00000030   Code   RO         3975    .text               c_w.l(_printf_char_common.o)
    0x08000e88   0x08000e88   0x0000000a   Code   RO         3977    .text               c_w.l(_sputc.o)
    0x08000e92   0x08000e92   0x0000002c   Code   RO         3981    .text               c_w.l(_printf_char.o)
    0x08000ebe   0x08000ebe   0x00000002   PAD
    0x08000ec0   0x08000ec0   0x000000bc   Code   RO         3985    .text               c_w.l(_printf_wctomb.o)
    0x08000f7c   0x08000f7c   0x0000007c   Code   RO         3988    .text               c_w.l(_printf_longlong_dec.o)
    0x08000ff8   0x08000ff8   0x00000070   Code   RO         3994    .text               c_w.l(_printf_oct_int_ll.o)
    0x08001068   0x08001068   0x00000008   Code   RO         4127    .text               c_w.l(libspace.o)
    0x08001070   0x08001070   0x0000008a   Code   RO         4153    .text               c_w.l(lludiv10.o)
    0x080010fa   0x080010fa   0x00000002   PAD
    0x080010fc   0x080010fc   0x00000080   Code   RO         4157    .text               c_w.l(_printf_fp_infnan.o)
    0x0800117c   0x0800117c   0x0000002c   Code   RO         4161    .text               c_w.l(_printf_wchar.o)
    0x080011a8   0x080011a8   0x000000e4   Code   RO         4167    .text               c_w.l(bigflt0.o)
    0x0800128c   0x0800128c   0x00000040   Code   RO         4196    .text               c_w.l(_wcrtomb.o)
    0x080012cc   0x080012cc   0x00000080   Code   RO         4205    .text               c_w.l(strcmpv7m.o)
    0x0800134c   0x0800134c   0x0000004a   Code   RO         4221    .text               c_w.l(sys_stackheap_outer.o)
    0x08001396   0x08001396   0x00000012   Code   RO         4229    .text               c_w.l(exit.o)
    0x080013a8   0x080013a8   0x0000003e   Code   RO         4170    CL$$btod_d2e        c_w.l(btod.o)
    0x080013e6   0x080013e6   0x00000046   Code   RO         4172    CL$$btod_d2e_denorm_low  c_w.l(btod.o)
    0x0800142c   0x0800142c   0x00000060   Code   RO         4171    CL$$btod_d2e_norm_op1  c_w.l(btod.o)
    0x0800148c   0x0800148c   0x00000338   Code   RO         4180    CL$$btod_div_common  c_w.l(btod.o)
    0x080017c4   0x080017c4   0x000000dc   Code   RO         4177    CL$$btod_e2e        c_w.l(btod.o)
    0x080018a0   0x080018a0   0x0000002a   Code   RO         4174    CL$$btod_ediv       c_w.l(btod.o)
    0x080018ca   0x080018ca   0x0000002a   Code   RO         4173    CL$$btod_emul       c_w.l(btod.o)
    0x080018f4   0x080018f4   0x00000244   Code   RO         4179    CL$$btod_mult_common  c_w.l(btod.o)
    0x08001b38   0x08001b38   0x00000002   Code   RO          224    i.BusFault_Handler  stm32f10x_it.o
    0x08001b3a   0x08001b3a   0x00000002   PAD
    0x08001b3c   0x08001b3c   0x0000006c   Code   RO         2334    i.CMDBuf_Deal       mqtt.o
    0x08001ba8   0x08001ba8   0x00000008   Code   RO          225    i.DMA1_Channel3_IRQHandler  stm32f10x_it.o
    0x08001bb0   0x08001bb0   0x0000001c   Code   RO         1836    i.DMA_ClearFlag     stm32f10x_dma.o
    0x08001bcc   0x08001bcc   0x0000002c   Code   RO         1842    i.DMA_GetITStatus   stm32f10x_dma.o
    0x08001bf8   0x08001bf8   0x00000002   Code   RO          226    i.DebugMon_Handler  stm32f10x_it.o
    0x08001bfa   0x08001bfa   0x00000002   PAD
    0x08001bfc   0x08001bfc   0x0000003c   Code   RO          331    i.DelayMs           delay.o
    0x08001c38   0x08001c38   0x0000003c   Code   RO          333    i.Delay_Init        delay.o
    0x08001c74   0x08001c74   0x0000007c   Code   RO         2650    i.GET_GPS           gps_config.o
    0x08001cf0   0x08001cf0   0x00000116   Code   RO         1506    i.GPIO_Init         stm32f10x_gpio.o
    0x08001e06   0x08001e06   0x0000000a   Code   RO         1517    i.GPIO_WriteBit     stm32f10x_gpio.o
    0x08001e10   0x08001e10   0x0000000c   Code   RO         2652    i.GPS_Config        gps_config.o
    0x08001e1c   0x08001e1c   0x0000004c   Code   RO         2655    i.GPS_ProcessDMAIRQ  gps_config.o
    0x08001e68   0x08001e68   0x00000114   Code   RO         2657    i.GPS_data_process  gps_config.o
    0x08001f7c   0x08001f7c   0x00000002   Code   RO          227    i.HardFault_Handler  stm32f10x_it.o
    0x08001f7e   0x08001f7e   0x00000002   PAD
    0x08001f80   0x08001f80   0x0000014c   Code   RO         2335    i.IoT_Parameter_Init  mqtt.o
    0x080020cc   0x080020cc   0x000000b0   Code   RO         2336    i.MQTT_Buff_Init    mqtt.o
    0x0800217c   0x0800217c   0x00000218   Code   RO         2337    i.MQTT_ConectPack   mqtt.o
    0x08002394   0x08002394   0x00000100   Code   RO         2338    i.MQTT_DealPushdata_Qs0  mqtt.o
    0x08002494   0x08002494   0x0000001c   Code   RO         2339    i.MQTT_PingREQ      mqtt.o
    0x080024b0   0x080024b0   0x000000ec   Code   RO         2340    i.MQTT_PublishQs0   mqtt.o
    0x0800259c   0x0800259c   0x00000098   Code   RO         2341    i.MQTT_Subscribe    mqtt.o
    0x08002634   0x08002634   0x00000002   Code   RO          228    i.MemManage_Handler  stm32f10x_it.o
    0x08002636   0x08002636   0x00000002   PAD
    0x08002638   0x08002638   0x00000044   Code   RO         2659    i.NMAE_find_pos     gps_config.o
    0x0800267c   0x0800267c   0x00000144   Code   RO         2660    i.NMAE_str2num      gps_config.o
    0x080027c0   0x080027c0   0x00000002   Code   RO          229    i.NMI_Handler       stm32f10x_it.o
    0x080027c2   0x080027c2   0x00000002   PAD
    0x080027c4   0x080027c4   0x00000070   Code   RO          536    i.NVIC_Init         misc.o
    0x08002834   0x08002834   0x00000014   Code   RO          537    i.NVIC_PriorityGroupConfig  misc.o
    0x08002848   0x08002848   0x000004fc   Code   RO         2603    i.Onenet_Init       onenet.o
    0x08002d44   0x08002d44   0x00000002   Code   RO          230    i.PendSV_Handler    stm32f10x_it.o
    0x08002d46   0x08002d46   0x00000002   PAD
    0x08002d48   0x08002d48   0x00000020   Code   RO          574    i.RCC_APB1PeriphClockCmd  stm32f10x_rcc.o
    0x08002d68   0x08002d68   0x00000020   Code   RO          575    i.RCC_APB1PeriphResetCmd  stm32f10x_rcc.o
    0x08002d88   0x08002d88   0x00000020   Code   RO          576    i.RCC_APB2PeriphClockCmd  stm32f10x_rcc.o
    0x08002da8   0x08002da8   0x00000020   Code   RO          577    i.RCC_APB2PeriphResetCmd  stm32f10x_rcc.o
    0x08002dc8   0x08002dc8   0x000000d4   Code   RO          584    i.RCC_GetClocksFreq  stm32f10x_rcc.o
    0x08002e9c   0x08002e9c   0x00000002   Code   RO          231    i.SVC_Handler       stm32f10x_it.o
    0x08002e9e   0x08002e9e   0x00000002   PAD
    0x08002ea0   0x08002ea0   0x000001bc   Code   RO         2203    i.Send_Data         control.o
    0x0800305c   0x0800305c   0x00000008   Code   RO          495    i.SetSysClock       system_stm32f10x.o
    0x08003064   0x08003064   0x000000e0   Code   RO          496    i.SetSysClockTo72   system_stm32f10x.o
    0x08003144   0x08003144   0x00000028   Code   RO          540    i.SysTick_CLKSourceConfig  misc.o
    0x0800316c   0x0800316c   0x00000002   Code   RO          232    i.SysTick_Handler   stm32f10x_it.o
    0x0800316e   0x0800316e   0x00000002   PAD
    0x08003170   0x08003170   0x00000060   Code   RO          498    i.SystemInit        system_stm32f10x.o
    0x080031d0   0x080031d0   0x00000076   Code   RO          439    i.TIM2_ENABLE_10S   timer2.o
    0x08003246   0x08003246   0x00000002   PAD
    0x08003248   0x08003248   0x00000240   Code   RO          233    i.TIM2_IRQHandler   stm32f10x_it.o
    0x08003488   0x08003488   0x00000078   Code   RO          451    i.TIM3_ENABLE_2S    timer3.o
    0x08003500   0x08003500   0x00000078   Code   RO          452    i.TIM3_ENABLE_30S   timer3.o
    0x08003578   0x08003578   0x0000006c   Code   RO          234    i.TIM3_IRQHandler   stm32f10x_it.o
    0x080035e4   0x080035e4   0x00000098   Code   RO          235    i.TIM4_IRQHandler   stm32f10x_it.o
    0x0800367c   0x0800367c   0x00000070   Code   RO          469    i.TIM4_Init         timer4.o
    0x080036ec   0x080036ec   0x00000006   Code   RO          783    i.TIM_ClearITPendingBit  stm32f10x_tim.o
    0x080036f2   0x080036f2   0x00000018   Code   RO          788    i.TIM_Cmd           stm32f10x_tim.o
    0x0800370a   0x0800370a   0x00000002   PAD
    0x0800370c   0x0800370c   0x000001e8   Code   RO          793    i.TIM_DeInit        stm32f10x_tim.o
    0x080038f4   0x080038f4   0x00000022   Code   RO          809    i.TIM_GetITStatus   stm32f10x_tim.o
    0x08003916   0x08003916   0x00000012   Code   RO          813    i.TIM_ITConfig      stm32f10x_tim.o
    0x08003928   0x08003928   0x00000004   Code   RO          853    i.TIM_SetCounter    stm32f10x_tim.o
    0x0800392c   0x0800392c   0x000000a4   Code   RO          859    i.TIM_TimeBaseInit  stm32f10x_tim.o
    0x080039d0   0x080039d0   0x00000064   Code   RO         2342    i.TxDataBuf_Deal    mqtt.o
    0x08003a34   0x08003a34   0x0000007c   Code   RO          236    i.USART2_IRQHandler  stm32f10x_it.o
    0x08003ab0   0x08003ab0   0x0000006c   Code   RO          237    i.USART3_IRQHandler  stm32f10x_it.o
    0x08003b1c   0x08003b1c   0x00000012   Code   RO         1320    i.USART_ClearFlag   stm32f10x_usart.o
    0x08003b2e   0x08003b2e   0x00000018   Code   RO         1324    i.USART_Cmd         stm32f10x_usart.o
    0x08003b46   0x08003b46   0x00000002   PAD
    0x08003b48   0x08003b48   0x0000009c   Code   RO         1326    i.USART_DeInit      stm32f10x_usart.o
    0x08003be4   0x08003be4   0x00000054   Code   RO         1328    i.USART_GetITStatus  stm32f10x_usart.o
    0x08003c38   0x08003c38   0x0000004a   Code   RO         1330    i.USART_ITConfig    stm32f10x_usart.o
    0x08003c82   0x08003c82   0x00000002   PAD
    0x08003c84   0x08003c84   0x000000d8   Code   RO         1331    i.USART_Init        stm32f10x_usart.o
    0x08003d5c   0x08003d5c   0x0000000a   Code   RO         1338    i.USART_ReceiveData  stm32f10x_usart.o
    0x08003d66   0x08003d66   0x00000002   Code   RO          238    i.UsageFault_Handler  stm32f10x_it.o
    0x08003d68   0x08003d68   0x00000080   Code   RO          357    i.Usart1_Init       usart1.o
    0x08003de8   0x08003de8   0x000000b8   Code   RO          404    i.Usart2_Init       usart2.o
    0x08003ea0   0x08003ea0   0x000000b4   Code   RO         2661    i.Usart3_Init       gps_config.o
    0x08003f54   0x08003f54   0x00000384   Code   RO         2501    i.WiFi_Connect_IoTServer  wifi.o
    0x080042d8   0x080042d8   0x00000158   Code   RO         2502    i.WiFi_Connect_Server  wifi.o
    0x08004430   0x08004430   0x000000a4   Code   RO         2503    i.WiFi_JoinAP       wifi.o
    0x080044d4   0x080044d4   0x0000008c   Code   RO         2504    i.WiFi_Reset        wifi.o
    0x08004560   0x08004560   0x00000034   Code   RO         2505    i.WiFi_ResetIO_Init  wifi.o
    0x08004594   0x08004594   0x00000074   Code   RO         2506    i.WiFi_SendCmd      wifi.o
    0x08004608   0x08004608   0x00000028   Code   RO         4103    i.__ARM_fpclassify  m_ws.l(fpclassify.o)
    0x08004630   0x08004630   0x0000000e   Code   RO         3733    i._is_digit         c_w.l(__printf_wp.o)
    0x0800463e   0x0800463e   0x00000004   Code   RO          358    i._sys_exit         usart1.o
    0x08004642   0x08004642   0x00000036   Code   RO            1    i.main              main.o
    0x08004678   0x08004678   0x00000010   Code   RO         2665    i.num_pow           gps_config.o
    0x08004688   0x08004688   0x0000005c   Code   RO          361    i.u1_printf         usart1.o
    0x080046e4   0x080046e4   0x00000040   Code   RO          405    i.u2_TxData         usart2.o
    0x08004724   0x08004724   0x0000005c   Code   RO          406    i.u2_printf         usart2.o
    0x08004780   0x08004780   0x0000002c   Code   RO         4020    locale$$code        c_w.l(lc_ctype_c.o)
    0x080047ac   0x080047ac   0x0000002c   Code   RO         4199    locale$$code        c_w.l(lc_numeric_c.o)
    0x080047d8   0x080047d8   0x00000062   Code   RO         3781    x$fpl$d2f           fz_ws.l(d2f.o)
    0x0800483a   0x0800483a   0x00000002   PAD
    0x0800483c   0x0800483c   0x00000150   Code   RO         3783    x$fpl$dadd          fz_ws.l(daddsub_clz.o)
    0x0800498c   0x0800498c   0x000002b0   Code   RO         3790    x$fpl$ddiv          fz_ws.l(ddiv.o)
    0x08004c3c   0x08004c3c   0x0000002e   Code   RO         3800    x$fpl$dflt          fz_ws.l(dflt_clz.o)
    0x08004c6a   0x08004c6a   0x0000009c   Code   RO         4071    x$fpl$dnaninf       fz_ws.l(dnaninf.o)
    0x08004d06   0x08004d06   0x0000000c   Code   RO         4073    x$fpl$dretinf       fz_ws.l(dretinf.o)
    0x08004d12   0x08004d12   0x00000002   PAD
    0x08004d14   0x08004d14   0x000001d4   Code   RO         3785    x$fpl$dsub          fz_ws.l(daddsub_clz.o)
    0x08004ee8   0x08004ee8   0x00000056   Code   RO         3811    x$fpl$f2d           fz_ws.l(f2d.o)
    0x08004f3e   0x08004f3e   0x00000002   PAD
    0x08004f40   0x08004f40   0x000000c4   Code   RO         3813    x$fpl$fadd          fz_ws.l(faddsub_clz.o)
    0x08005004   0x08005004   0x00000030   Code   RO         3820    x$fpl$fflt          fz_ws.l(fflt_clz.o)
    0x08005034   0x08005034   0x0000008c   Code   RO         4079    x$fpl$fnaninf       fz_ws.l(fnaninf.o)
    0x080050c0   0x080050c0   0x0000000a   Code   RO         4081    x$fpl$fretinf       fz_ws.l(fretinf.o)
    0x080050ca   0x080050ca   0x00000002   PAD
    0x080050cc   0x080050cc   0x000000ea   Code   RO         3815    x$fpl$fsub          fz_ws.l(faddsub_clz.o)
    0x080051b6   0x080051b6   0x00000004   Code   RO         3829    x$fpl$printf1       fz_ws.l(printf1.o)
    0x080051ba   0x080051ba   0x00000000   Code   RO         4085    x$fpl$usenofp       fz_ws.l(usenofp.o)
    0x080051ba   0x080051ba   0x00000028   Data   RO         3721    .constdata          c_w.l(_printf_hex_int_ll_ptr.o)
    0x080051e2   0x080051e2   0x00000011   Data   RO         3741    .constdata          c_w.l(__printf_flags_ss_wp.o)
    0x080051f3   0x080051f3   0x00000001   PAD
    0x080051f4   0x080051f4   0x00000008   Data   RO         3986    .constdata          c_w.l(_printf_wctomb.o)
    0x080051fc   0x080051fc   0x00000094   Data   RO         4168    .constdata          c_w.l(bigflt0.o)
    0x08005290   0x08005290   0x00000013   Data   RO         2604    .conststring        onenet.o
    0x080052a3   0x080052a3   0x00000001   PAD
    0x080052a4   0x080052a4   0x00000020   Data   RO         4343    Region$$Table       anon$$obj.o
    0x080052c4   0x080052c4   0x00000110   Data   RO         4019    locale$$data        c_w.l(lc_ctype_c.o)
    0x080053d4   0x080053d4   0x0000001c   Data   RO         4198    locale$$data        c_w.l(lc_numeric_c.o)


    Execution Region ER_RW (Exec base: 0x20000000, Load base: 0x080053f0, Size: 0x000000d8, Max: 0xffffffff, ABSOLUTE)

    Exec Addr    Load Addr    Size         Type   Attr      Idx    E Section Name        Object

    0x20000000   0x080053f0   0x00000004   Data   RW          334    .data               delay.o
    0x20000004   0x080053f4   0x00000008   Data   RW          408    .data               usart2.o
    0x2000000c   0x080053fc   0x00000014   Data   RW          604    .data               stm32f10x_rcc.o
    0x20000020   0x08005410   0x00000044   Data   RW         2344    .data               mqtt.o
    0x20000064   0x08005454   0x00000001   Data   RW         2509    .data               wifi.o
    0x20000065   0x08005455   0x00000003   PAD
    0x20000068   0x08005458   0x0000000c   Data   RW         2605    .data               onenet.o
    0x20000074   0x08005464   0x00000004   PAD
    0x20000078   0x08005468   0x0000005e   Data   RW         2668    .data               gps_config.o


    Execution Region ER_ZI (Exec base: 0x200000d8, Load base: 0x080054c8, Size: 0x00002e90, Max: 0xffffffff, ABSOLUTE)

    Exec Addr    Load Addr    Size         Type   Attr      Idx    E Section Name        Object

    0x200000d8        -       0x00000100   Zero   RW          362    .bss                usart1.o
    0x200001d8        -       0x00000800   Zero   RW          407    .bss                usart2.o
    0x200009d8        -       0x000000c8   Zero   RW         2284    .bss                light.o
    0x20000aa0        -       0x000000c8   Zero   RW         2312    .bss                mq_7.o
    0x20000b68        -       0x000014c0   Zero   RW         2343    .bss                mqtt.o
    0x20002028        -       0x000008e0   Zero   RW         2667    .bss                gps_config.o
    0x20002908        -       0x00000060   Zero   RW         4128    .bss                c_w.l(libspace.o)
    0x20002968        -       0x00000200   Zero   RW          530    HEAP                startup_stm32f10x_hd.o
    0x20002b68        -       0x00000400   Zero   RW          529    STACK               startup_stm32f10x_hd.o


==============================================================================

Image component sizes


      Code (inc. data)   RO Data    RW Data    ZI Data      Debug   Object Name

       444        102          0          0          0        928   control.o
         0          0          0          0          0         32   core_cm3.o
       120         12          0          4          0       1295   delay.o
      1076        112          0         94       2272       6500   gps_config.o
         0          0          0          0        200        596   light.o
        54          0          0          0          0     253931   main.o
       172         22          0          0          0       2045   misc.o
         0          0          0          0        200        588   mq_7.o
      1924        390          0         68       5312       7832   mqtt.o
      1276        590         19         12          0       1225   onenet.o
        64         26        304          0       1536        816   startup_stm32f10x_hd.o
        72         18          0          0          0       1114   stm32f10x_dma.o
       288          0          0          0          0       2528   stm32f10x_gpio.o
      1094        242          0          0          0       7951   stm32f10x_it.o
       340         44          0         20          0       5588   stm32f10x_rcc.o
       738        106          0          0          0       4860   stm32f10x_tim.o
       582         28          0          0          0       6147   stm32f10x_usart.o
       328         28          0          0          0       1945   system_stm32f10x.o
       118          0          0          0          0        598   timer2.o
       240         10          0          0          0       1195   timer3.o
       112          6          0          0          0        696   timer4.o
       224         18          0          0        256       4258   usart1.o
       340         22          0          8       2048       2792   usart2.o
      1716        964          0          1          0       4173   wifi.o

    ----------------------------------------------------------------------
     11346       2740        356        216      11824     319633   Object Totals
         0          0         32          0          0          0   (incl. Generated)
        24          0          1          9          0          0   (incl. Padding)

    ----------------------------------------------------------------------

      Code (inc. data)   RO Data    RW Data    ZI Data      Debug   Library Member Name

        44          6          0          0          0         84   __2sprintf.o
         8          0          0          0          0         68   __main.o
       392          4         17          0          0         92   __printf_flags_ss_wp.o
        14          0          0          0          0         68   __printf_wp.o
         0          0          0          0          0          0   __rtentry.o
        12          0          0          0          0          0   __rtentry2.o
         6          0          0          0          0          0   __rtentry4.o
        52          8          0          0          0          0   __scatter.o
        26          0          0          0          0          0   __scatter_copy.o
        28          0          0          0          0          0   __scatter_zi.o
         6          0          0          0          0          0   _printf_a.o
         6          0          0          0          0          0   _printf_c.o
        44          0          0          0          0        108   _printf_char.o
        48          6          0          0          0         96   _printf_char_common.o
        40          0          0          0          0         68   _printf_charcount.o
         6          0          0          0          0          0   _printf_d.o
       120         16          0          0          0         92   _printf_dec.o
         6          0          0          0          0          0   _printf_e.o
         6          0          0          0          0          0   _printf_f.o
      1054          0          0          0          0        216   _printf_fp_dec.o
       128         16          0          0          0         84   _printf_fp_infnan.o
         6          0          0          0          0          0   _printf_g.o
       148          4         40          0          0        160   _printf_hex_int_ll_ptr.o
         6          0          0          0          0          0   _printf_i.o
       178          0          0          0          0         88   _printf_intcommon.o
        10          0          0          0          0          0   _printf_l.o
         6          0          0          0          0          0   _printf_lc.o
        10          0          0          0          0          0   _printf_ll.o
         6          0          0          0          0          0   _printf_lld.o
         6          0          0          0          0          0   _printf_lli.o
         6          0          0          0          0          0   _printf_llo.o
         6          0          0          0          0          0   _printf_llu.o
         6          0          0          0          0          0   _printf_llx.o
       124         16          0          0          0         92   _printf_longlong_dec.o
         6          0          0          0          0          0   _printf_ls.o
         6          0          0          0          0          0   _printf_n.o
         6          0          0          0          0          0   _printf_o.o
       112         10          0          0          0        124   _printf_oct_int_ll.o
         6          0          0          0          0          0   _printf_p.o
        78          0          0          0          0        108   _printf_pad.o
         0          0          0          0          0          0   _printf_percent.o
         4          0          0          0          0          0   _printf_percent_end.o
         6          0          0          0          0          0   _printf_s.o
        82          0          0          0          0         80   _printf_str.o
        36          0          0          0          0         84   _printf_truncate.o
         6          0          0          0          0          0   _printf_u.o
        44          0          0          0          0        108   _printf_wchar.o
       188          6          8          0          0         92   _printf_wctomb.o
         6          0          0          0          0          0   _printf_x.o
        10          0          0          0          0         68   _sputc.o
        64          0          0          0          0         92   _wcrtomb.o
       228          4        148          0          0         96   bigflt0.o
      1936        128          0          0          0        672   btod.o
        36          4          0          0          0         76   c89vsprintf.o
        18          0          0          0          0         80   exit.o
         6          0          0          0          0        152   heapauxi.o
        44         10        272          0          0         76   lc_ctype_c.o
        44         10         28          0          0         76   lc_numeric_c.o
         2          0          0          0          0          0   libinit.o
        30          0          0          0          0          0   libinit2.o
         2          0          0          0          0          0   libshutdown.o
         2          0          0          0          0          0   libshutdown2.o
         8          4          0          0         96         68   libspace.o
       138          0          0          0          0         80   lludiv10.o
        88          0          0          0          0         76   memcmp.o
        16          4          0          0          0         76   rt_ctype_table.o
         8          4          0          0          0         68   rt_locale_intlibspace.o
        68          0          0          0          0         68   rt_memclr.o
        78          0          0          0          0         80   rt_memclr_w.o
       138          0          0          0          0         68   rt_memcpy_v6.o
       100          0          0          0          0         80   rt_memcpy_w.o
         2          0          0          0          0          0   rtexit.o
        10          0          0          0          0          0   rtexit2.o
       128          0          0          0          0         68   strcmpv7m.o
        72          0          0          0          0         80   strcpy.o
        62          0          0          0          0         76   strlen.o
        86          0          0          0          0         76   strncpy.o
        36          0          0          0          0         80   strstr.o
        74          0          0          0          0         80   sys_stackheap_outer.o
         2          0          0          0          0         68   use_no_semi.o
         2          0          0          0          0         68   use_no_semi_2.o
        98          4          0          0          0         92   d2f.o
       804         16          0          0          0        272   daddsub_clz.o
       688        140          0          0          0        208   ddiv.o
        46          0          0          0          0         68   dflt_clz.o
       156          4          0          0          0         92   dnaninf.o
        12          0          0          0          0         68   dretinf.o
        86          4          0          0          0         84   f2d.o
       430          8          0          0          0        168   faddsub_clz.o
        48          0          0          0          0         68   fflt_clz.o
       140          4          0          0          0         84   fnaninf.o
        10          0          0          0          0         68   fretinf.o
         4          0          0          0          0         68   printf1.o
         0          0          0          0          0          0   usenofp.o
        40          0          0          0          0         68   fpclassify.o

    ----------------------------------------------------------------------
      9272        440        514          0         96       5968   Library Totals
        22          0          1          0          0          0   (incl. Padding)

    ----------------------------------------------------------------------

      Code (inc. data)   RO Data    RW Data    ZI Data      Debug   Library Name

      6688        260        513          0         96       4560   c_w.l
      2522        180          0          0          0       1340   fz_ws.l
        40          0          0          0          0         68   m_ws.l

    ----------------------------------------------------------------------
      9272        440        514          0         96       5968   Library Totals

    ----------------------------------------------------------------------

==============================================================================


      Code (inc. data)   RO Data    RW Data    ZI Data      Debug   

     20618       3180        870        216      11920     318265   Grand Totals
     20618       3180        870        216      11920     318265   ELF Image Totals
     20618       3180        870        216          0          0   ROM Totals

==============================================================================

    Total RO  Size (Code + RO Data)                21488 (  20.98kB)
    Total RW  Size (RW Data + ZI Data)             12136 (  11.85kB)
    Total ROM Size (Code + RO Data + RW Data)      21704 (  21.20kB)

==============================================================================

